C51 COMPILER V9.60.7.0   AIP3368                                                           05/07/2026 18:25:47 PAGE 1   


C51 COMPILER V9.60.7.0, COMPILATION OF MODULE AIP3368
OBJECT MODULE PLACED IN .\Release\Objects\aip3368.obj
COMPILER INVOKED BY: C:\Keil_v5\C51\BIN\C51.EXE ..\..\Hardware\aip3368.c LARGE OPTIMIZE(9,SIZE) BROWSE ORDER INTVECTOR(0
                    -X000C) INCDIR(..\..\Libraries\Include;..\..\User;..\..\User\lib;..\..\Hardware) INTERVAL(3) DEBUG OBJECTEXTEND PRINT(.\R
                    -elease\Listings\aip3368.lst) OBJECT(.\Release\Objects\aip3368.obj)

line level    source

   1          #include "aip3368.h"
   2          
   3          #include "string.h" // memset
   4          
   5          #if 1 // AIP3368H_MODULE
   6          
   7          static volatile u16 aip3368h_refresh_cnt = 0;
   8          
   9          // 显存
  10          volatile u16 aip3368h_display_buff[AIP3368H_DEV_NUM];
  11          
  12          // 放在1ms的定时器中
  13          void aip3368h_refresh_time_add(void)
  14          {
  15   1          // 防止计数溢出
  16   1          // if (aip3368h_refresh_cnt < 255)
  17   1          {
  18   2              aip3368h_refresh_cnt++;
  19   2          }
  20   1      }
  21          
  22          static void aip3368h_module_send_data_to_one_dev(u16 dat)
  23          {
  24   1          u16 i;
  25   1          // PDM = 1;
  26   1      
  27   1          for (i = 0; i < 16; i++)
  28   1          {
  29   2              DIO = dat & (u16)0x8000 ? 1 : 0;
  30   2      
  31   2              aip3368h_delay();
  32   2              DCK = 1;
  33   2              aip3368h_delay();
  34   2              dat <<= 1;
  35   2              DCK = 0;
  36   2              aip3368h_delay();
  37   2          }
  38   1          // PDM = 0;
  39   1      }
  40          
  41          static void aip3368h_module_send_data_to_all_dev(u16 *buff, u8 len)
  42          {
  43   1          u8 i;
  44   1      
  45   1          // EA = 0;
  46   1          // 开始
  47   1          DCK = 0;
  48   1          LAT = 0;
  49   1          // PDM = 1;
  50   1          aip3368h_delay();
  51   1      
  52   1          // 一帧完整数据
  53   1          for (i = 0; i < len; i++)
C51 COMPILER V9.60.7.0   AIP3368                                                           05/07/2026 18:25:47 PAGE 2   

  54   1          {
  55   2              aip3368h_module_send_data_to_one_dev(buff[i]);
  56   2          }
  57   1      
  58   1          // 结束
  59   1          // PDM = 1;
  60   1          LAT = 1;
  61   1          aip3368h_delay();
  62   1          LAT = 0;
  63   1          // PDM = 0;
  64   1          aip3368h_delay();
  65   1          DIO = 0;
  66   1      
  67   1          // EA = 1;
  68   1      }
  69          
  70          #define AIP3368H_FLASH_TEST_ENABLE 0
  71          void aip3368h_module_display(void)
  72          {
  73   1          // if (!systimer_flag_is_valid(SYSTIME_FLAG_50MS))
  74   1          //     return;
  75   1      
  76   1          // 刷新间隔 单位：ms
  77   1          if (aip3368h_refresh_cnt < 500)
  78   1          {
  79   2              return;
  80   2          }
  81   1          else
  82   1          {
  83   2              aip3368h_refresh_cnt = 0;
  84   2              // DEBUG_PIN = ~DEBUG_PIN;
  85   2          }
  86   1      
  87   1      #if AIP3368H_FLASH_TEST_ENABLE
                  // 闪烁测试
                  if (aip3368h_display_buff[0] == 0x0000)
                      memset(aip3368h_display_buff, 0xFF, sizeof(aip3368h_display_buff));
                  else
                      memset(aip3368h_display_buff, 0x00, sizeof(aip3368h_display_buff));
              #endif
  94   1      
  95   1          aip3368h_module_send_data_to_all_dev(aip3368h_display_buff, AIP3368H_DEV_NUM);
  96   1      }
  97          
  98          void aip3368h_module_clear(void)
  99          {
 100   1          memset(aip3368h_display_buff, 0x00, sizeof(aip3368h_display_buff));
 101   1          aip3368h_module_send_data_to_all_dev(aip3368h_display_buff, AIP3368H_DEV_NUM);
 102   1      }
 103          
 104          void aip3368h_module_init(void)
 105          {
 106   1          // memset(aip3368h_display_buff, 0xF0, sizeof(aip3368h_display_buff));
 107   1          memset(aip3368h_display_buff, 0x00, sizeof(aip3368h_display_buff));
 108   1      
 109   1          // DCK
 110   1          P1_MD1 &= ~GPIO_P16_MODE_SEL(0x03);
 111   1          P1_MD1 |= GPIO_P16_MODE_SEL(0x01);
 112   1          FOUT_S16 = GPIO_FOUT_AF_FUNC;
 113   1          // DIO
 114   1          P2_MD1 &= ~GPIO_P25_MODE_SEL(0x03);
 115   1          P2_MD1 |= GPIO_P25_MODE_SEL(0x01);
C51 COMPILER V9.60.7.0   AIP3368                                                           05/07/2026 18:25:47 PAGE 3   

 116   1          FOUT_S25 = GPIO_FOUT_AF_FUNC;
 117   1          // LAT
 118   1          P2_MD1 &= ~GPIO_P24_MODE_SEL(0x03);
 119   1          P2_MD1 |= GPIO_P24_MODE_SEL(0x01);
 120   1          FOUT_S24 = GPIO_FOUT_AF_FUNC;
 121   1      
 122   1          DIO = 0;
 123   1          DCK = 0;
 124   1          LAT = 0;
 125   1          // PDM = 1;
 126   1          aip3368h_module_send_data_to_all_dev(aip3368h_display_buff, AIP3368H_DEV_NUM);
 127   1      }
 128          
 129          // void aip3368h_module_uninit(void)
 130          // {
 131          //     aip3368h_module_clear();    // 清屏
 132          //     DIO = 0;
 133          //     DCK = 0;
 134          //     LAT = 0;
 135          // }
 136          
 137          #endif


MODULE INFORMATION:   STATIC OVERLAYABLE
   CODE SIZE        =    234    ----
   CONSTANT SIZE    =   ----    ----
   XDATA SIZE       =     16       5
   PDATA SIZE       =   ----    ----
   DATA SIZE        =   ----    ----
   IDATA SIZE       =   ----    ----
   BIT SIZE         =   ----    ----
END OF MODULE INFORMATION.


C51 COMPILATION COMPLETE.  0 WARNING(S),  0 ERROR(S)
