C51 COMPILER V9.60.7.0   FUEL_CAPACITY                                                     05/15/2026 17:57:25 PAGE 1   


C51 COMPILER V9.60.7.0, COMPILATION OF MODULE FUEL_CAPACITY
OBJECT MODULE PLACED IN .\Release\Objects\fuel_capacity.obj
COMPILER INVOKED BY: C:\Keil_v5\C51\BIN\C51.EXE ..\..\User\fuel_capacity.c LARGE OPTIMIZE(9,SIZE) BROWSE ORDER INTVECTOR
                    -(0X000C) INCDIR(..\..\Libraries\Include;..\..\User;..\..\User\lib;..\..\Hardware) INTERVAL(3) DEBUG OBJECTEXTEND PRINT(.
                    -\Release\Listings\fuel_capacity.lst) OBJECT(.\Release\Objects\fuel_capacity.obj)

line level    source

   1          #include "fuel_capacity.h"
   2          
   3          #if FUEL_CAPACITY_SCAN_ENABLE
   4          
   5          // static volatile u16 adc_val_of_fuel = 0;
   6          
   7          // volatile u32 fuel_capacity_scan_cnt = 0; // 扫描时间计数，在1ms定时器中断中累加
   8          
   9          static volatile u16 fuel_capacity_scan_time_cnt = 0;
  10          
  11          // 滑动平均：
  12          #define SAMPLE_COUNT 20 // 样本计数
  13          static volatile u16 fuel_capacity_adc_val_samples[SAMPLE_COUNT] = {0};
  14          static volatile u8 fuel_capacity_adc_val_sample_index = 0;
  15          
  16          static void __fuel_capacity_adc_val_samples_init__(u16 adc_val)
  17          {
  18   1          u8 i;
  19   1          for (i = 0; i < SAMPLE_COUNT; i++)
  20   1          {
  21   2              fuel_capacity_adc_val_samples[i] = adc_val;
  22   2          }
  23   1      }
  24          
  25          // 将数据放入油量检测的滑动平均数组
  26          void fuel_capacity_adc_val_samples_update(u16 adc_val)
  27          {
  28   1          static u8 is_initiated = 0;
  29   1          if (0 == is_initiated)
  30   1          {
  31   2              is_initiated = 1;
  32   2              __fuel_capacity_adc_val_samples_init__(adc_val);
  33   2              return; // 初始化数组之后，直接退出，下一次得到新数据才执行下面的操作
  34   2          }
  35   1      
  36   1          fuel_capacity_adc_val_samples[fuel_capacity_adc_val_sample_index] = adc_val;
  37   1          fuel_capacity_adc_val_sample_index++;
  38   1          if (fuel_capacity_adc_val_sample_index >= SAMPLE_COUNT)
  39   1          {
  40   2              fuel_capacity_adc_val_sample_index = 0;
  41   2          }
  42   1      }
  43          
  44          // 从油量检测的滑动平均数组中获取数据
  45          u16 fuel_capacity_adc_val_get(void)
  46          {
  47   1          u8 i;
  48   1          u32 sum = 0;
  49   1          for (i = 0; i < SAMPLE_COUNT; i++)
  50   1          {
  51   2              sum += fuel_capacity_adc_val_samples[i];
  52   2          }
  53   1      
C51 COMPILER V9.60.7.0   FUEL_CAPACITY                                                     05/15/2026 17:57:25 PAGE 2   

  54   1          return (sum / SAMPLE_COUNT);
  55   1      }
  56          
  57          void fuel_capacity_scan_time_add(void)
  58          {
  59   1          if (fuel_capacity_scan_time_cnt < ((u16)-1))
  60   1          {
  61   2              fuel_capacity_scan_time_cnt++;
  62   2          }
  63   1      }
  64          
  65          void fuel_capacity_scan(void)
  66          {
  67   1          u16 fuel_adc_val;
  68   1          u16 fuel_voltage;
  69   1      
  70   1          static u8 is_initiated = 0; // 初始化
  71   1          static u8 fuel_lev_of_lag = 0;
  72   1          u8 cur_fuel_lev = 0;
  73   1      
  74   1          if (fuel_capacity_scan_time_cnt >= 200)
  75   1          {
  76   2              fuel_capacity_scan_time_cnt = 0;
  77   2          }
  78   1          else
  79   1          {
  80   2              return;
  81   2          }
  82   1      
  83   1          fuel_adc_val = fuel_capacity_adc_val_get();
  84   1          fuel_voltage = (u32)fuel_adc_val * 2000 / 4096; //
  85   1          printf("fuel_adc_val == %u\n", fuel_adc_val);
  86   1          printf("fuel_voltage == %u\n", fuel_voltage);
  87   1      }
*** WARNING C280 IN LINE 70 OF ..\..\User\fuel_capacity.c: 'is_initiated': unreferenced local variable
*** WARNING C280 IN LINE 71 OF ..\..\User\fuel_capacity.c: 'fuel_lev_of_lag': unreferenced local variable
  88          
  89          #endif


MODULE INFORMATION:   STATIC OVERLAYABLE
   CODE SIZE        =    266    ----
   CONSTANT SIZE    =     40    ----
   XDATA SIZE       =     46      10
   PDATA SIZE       =   ----    ----
   DATA SIZE        =   ----    ----
   IDATA SIZE       =   ----    ----
   BIT SIZE         =   ----    ----
END OF MODULE INFORMATION.


C51 COMPILATION COMPLETE.  2 WARNING(S),  0 ERROR(S)
