C51 COMPILER V9.60.7.0   PIN_LEVEL_SCAN                                                    05/12/2026 18:04:06 PAGE 1   


C51 COMPILER V9.60.7.0, COMPILATION OF MODULE PIN_LEVEL_SCAN
OBJECT MODULE PLACED IN .\Release\Objects\pin_level_scan.obj
COMPILER INVOKED BY: C:\Keil_v5\C51\BIN\C51.EXE ..\..\User\pin_level_scan.c LARGE OPTIMIZE(9,SIZE) BROWSE ORDER INTVECTO
                    -R(0X000C) INCDIR(..\..\Libraries\Include;..\..\User;..\..\User\lib;..\..\Hardware) INTERVAL(3) DEBUG OBJECTEXTEND PRINT(
                    -.\Release\Listings\pin_level_scan.lst) OBJECT(.\Release\Objects\pin_level_scan.obj)

line level    source

   1          #include "pin_level_scan.h"
   2          
   3          #if PIN_LEVEL_SCAN_ENABLE
   4          
   5          volatile u16 pin_level_scan_time_cnt;
   6          
   7          void pin_level_scan_config(void)
   8          { 
   9   1      
  10   1          // 检测 水温报警 的引脚:
  11   1          P2_MD0 &= ~(GPIO_P20_MODE_SEL(0x03)); // 输入模式
  12   1      }
  13          
  14          // 引脚电平扫描，都是低电平有效
  15          void pin_level_scan(void)
  16          {
  17   1          
  18   1      
  19   1      }
  20          
  21          #endif


MODULE INFORMATION:   STATIC OVERLAYABLE
   CODE SIZE        =      8    ----
   CONSTANT SIZE    =   ----    ----
   XDATA SIZE       =      2    ----
   PDATA SIZE       =   ----    ----
   DATA SIZE        =   ----    ----
   IDATA SIZE       =   ----    ----
   BIT SIZE         =   ----    ----
END OF MODULE INFORMATION.


C51 COMPILATION COMPLETE.  0 WARNING(S),  0 ERROR(S)
