BL51 BANKED LINKER/LOCATER V6.22.4.0                                                    05/08/2026  18:48:34  PAGE 1


BL51 BANKED LINKER/LOCATER V6.22.4.0, INVOKED BY:
C:\KEIL_V5\C51\BIN\BL51.EXE .\Release\Objects\STARTUP.obj, .\Release\Objects\system.obj, ..\..\User\lib\tk_simplify_algo
>> rithm_V1.0.0.LIB, .\Release\Objects\tk_set.obj, .\Release\Objects\tmr1.obj, .\Release\Objects\tmr2.obj, .\Release\Obj
>> ects\uart0.obj, .\Release\Objects\adc.obj, .\Release\Objects\key_driver.obj, .\Release\Objects\user_flash.obj, .\Rele
>> ase\Objects\aip3368.obj, .\Release\Objects\main.obj, .\Release\Objects\pin_level_scan.obj, .\Release\Objects\speed_sc
>> an.obj, .\Release\Objects\engine_speed_scan.obj, .\Release\Objects\mileage.obj, .\Release\Objects\ad_key.obj, .\Relea
>> se\Objects\fuel_capacity.obj, .\Release\Objects\battery.obj, .\Release\Objects\touch_key.obj, .\Release\Objects\instr
>> ument.obj, .\Release\Objects\aip3368h_display.obj TO .\Release\Objects\Project PRINT (.\Release\Listings\Project.m51)
>>  RAMSIZE (256) CODE (0X0000-0X3EEF) XDATA (0X6000-0X66FF)


MEMORY MODEL: LARGE


INPUT MODULES INCLUDED:
  .\Release\Objects\STARTUP.obj (?C_STARTUP)
  .\Release\Objects\system.obj (SYSTEM)
  .\Release\Objects\tk_set.obj (TK_SET)
  .\Release\Objects\tmr1.obj (TMR1)
  .\Release\Objects\tmr2.obj (TMR2)
  .\Release\Objects\uart0.obj (UART0)
  .\Release\Objects\adc.obj (ADC)
  .\Release\Objects\key_driver.obj (KEY_DRIVER)
  .\Release\Objects\user_flash.obj (USER_FLASH)
  .\Release\Objects\aip3368.obj (AIP3368)
  .\Release\Objects\main.obj (MAIN)
  .\Release\Objects\pin_level_scan.obj (PIN_LEVEL_SCAN)
  .\Release\Objects\speed_scan.obj (SPEED_SCAN)
  .\Release\Objects\engine_speed_scan.obj (ENGINE_SPEED_SCAN)
  .\Release\Objects\mileage.obj (MILEAGE)
  .\Release\Objects\ad_key.obj (AD_KEY)
  .\Release\Objects\fuel_capacity.obj (FUEL_CAPACITY)
  .\Release\Objects\battery.obj (BATTERY)
  .\Release\Objects\touch_key.obj (TOUCH_KEY)
  .\Release\Objects\instrument.obj (INSTRUMENT)
  .\Release\Objects\aip3368h_display.obj (AIP3368H_DISPLAY)
  C:\KEIL_V5\C51\LIB\C51L.LIB (?C_INIT)
  C:\KEIL_V5\C51\LIB\C51L.LIB (?C?CLDPTR)
  C:\KEIL_V5\C51\LIB\C51L.LIB (?C?CSTPTR)
  C:\KEIL_V5\C51\LIB\C51L.LIB (?C?IMUL)
  C:\KEIL_V5\C51\LIB\C51L.LIB (?C?UIDIV)
  C:\KEIL_V5\C51\LIB\C51L.LIB (?C?IILDX)
  C:\KEIL_V5\C51\LIB\C51L.LIB (?C?ILDOPTR)
  C:\KEIL_V5\C51\LIB\C51L.LIB (?C?LADD)
  C:\KEIL_V5\C51\LIB\C51L.LIB (?C?LSUB)
  C:\KEIL_V5\C51\LIB\C51L.LIB (?C?LMUL)
  C:\KEIL_V5\C51\LIB\C51L.LIB (?C?ULDIV)
  C:\KEIL_V5\C51\LIB\C51L.LIB (?C?SLCMP)
  C:\KEIL_V5\C51\LIB\C51L.LIB (?C?ULCMP)
  C:\KEIL_V5\C51\LIB\C51L.LIB (?C?ULSHR)
  C:\KEIL_V5\C51\LIB\C51L.LIB (?C?LLDXDATA)
  C:\KEIL_V5\C51\LIB\C51L.LIB (?C?LLDXDATA0)
  C:\KEIL_V5\C51\LIB\C51L.LIB (?C?LSTXDATA)
  C:\KEIL_V5\C51\LIB\C51L.LIB (?C?LSTKXDATA)
  C:\KEIL_V5\C51\LIB\C51L.LIB (?C?PLDXDATA)
  C:\KEIL_V5\C51\LIB\C51L.LIB (?C?PLDIXDATA)
  C:\KEIL_V5\C51\LIB\C51L.LIB (?C?PSTXDATA)
  C:\KEIL_V5\C51\LIB\C51L.LIB (?C?CCASE)
BL51 BANKED LINKER/LOCATER V6.22.4.0                                                  05/08/2026  18:48:34  PAGE 2


  C:\KEIL_V5\C51\LIB\C51L.LIB (?C?LIMUL)
  C:\KEIL_V5\C51\LIB\C51L.LIB (PRINTF)
  C:\KEIL_V5\C51\LIB\C51L.LIB (?C?MEMSET)
  C:\KEIL_V5\C51\LIB\C51L.LIB (?C?CLDOPTR)


LINK MAP OF MODULE:  .\Release\Objects\Project (?C_STARTUP)


            TYPE    BASE      LENGTH    RELOCATION   SEGMENT NAME
            -----------------------------------------------------

            * * * * * * *   D A T A   M E M O R Y   * * * * * * *
            REG     0000H     0008H     ABSOLUTE     "REG BANK 0"
            DATA    0008H     0005H     UNIT         _DATA_GROUP_
                    000DH     0013H                  *** GAP ***
            BIT     0020H.0   0001H.1   UNIT         _BIT_GROUP_
            BIT     0021H.1   0000H.2   UNIT         ?BI?TMR2
            BIT     0021H.3   0000H.2   UNIT         ?BI?MILEAGE
            BIT     0021H.5   0000H.1   UNIT         ?BI?SPEED_SCAN
            BIT     0021H.6   0000H.1   UNIT         ?BI?ENGINE_SPEED_SCAN
            BIT     0021H.7   0000H.1   UNIT         ?BI?BATTERY
            IDATA   0022H     0001H     UNIT         ?STACK

            * * * * * * *  X D A T A   M E M O R Y  * * * * * * *
                    0000H     6000H                  *** GAP ***
            XDATA   6000H     0030H     UNIT         ?XD?FUEL_CAPACITY
            XDATA   6030H     002BH     UNIT         _XDATA_GROUP_
            XDATA   605BH     0014H     UNIT         ?XD?INSTRUMENT
            XDATA   606FH     0012H     UNIT         ?XD?AIP3368
            XDATA   6081H     0011H     UNIT         ?XD?MILEAGE
            XDATA   6092H     0010H     UNIT         ?XD?SPEED_SCAN
            XDATA   60A2H     000EH     UNIT         ?XD?ENGINE_SPEED_SCAN
            XDATA   60B0H     000CH     UNIT         ?XD?BATTERY
            XDATA   60BCH     000BH     UNIT         ?XD?ADC_GETVAL?ADC
            XDATA   60C7H     0008H     UNIT         ?XD?SPEED_SCAN?SPEED_SCAN
            XDATA   60CFH     0005H     UNIT         ?XD?_FLASH_PROGRAM?USER_FLASH
            XDATA   60D4H     0005H     UNIT         ?XD?_GET_FILTERED_ADC?FUEL_CAPACITY
            XDATA   60D9H     0004H     UNIT         ?XD?ENGINE_SPEED_SCAN?ENGINE_SPEED_SCAN
            XDATA   60DDH     0003H     UNIT         ?XD?TMR2
            XDATA   60E0H     0003H     UNIT         ?XD?ADC
            XDATA   60E3H     0003H     UNIT         ?XD?FUEL_CAPACITY_SCAN?FUEL_CAPACITY
            XDATA   60E6H     0003H     UNIT         ?XD?AIP3368H_DISPLAY
            XDATA   60E9H     0002H     UNIT         ?XD?PIN_LEVEL_SCAN
            XDATA   60EBH     0002H     UNIT         ?XD?_CONVERT_FUEL_ADC_TO_PERCENT?FUEL_CAPACITY

            * * * * * * *   C O D E   M E M O R Y   * * * * * * *
            CODE    0000H     0003H     ABSOLUTE     
            CODE    0003H     000CH     ABSOLUTE     
            CODE    000FH     0012H     UNIT         ?PR?DEBUG_PIN_INIT?MAIN
            CODE    0021H     0003H     ABSOLUTE     
            CODE    0024H     0003H     ABSOLUTE     
            CODE    0027H     001BH     UNIT         ?PR?_DELAY_MS?SYSTEM
            CODE    0042H     0003H     ABSOLUTE     
            CODE    0045H     037CH     UNIT         ?C?LIB_CODE
            CODE    03C1H     0365H     UNIT         ?PR?PRINTF?PRINTF
            CODE    0726H     0197H     UNIT         ?PR?AIP3368H_DISPLAY_TEST?AIP3368H_DISPLAY
BL51 BANKED LINKER/LOCATER V6.22.4.0                                                  05/08/2026  18:48:34  PAGE 3


            CODE    08BDH     0179H     UNIT         ?PR?_CONVERT_FUEL_ADC_TO_PERCENT?FUEL_CAPACITY
            CODE    0A36H     00F6H     UNIT         ?PR?TIMR2_IRQHANDLER?TMR2
            CODE    0B2CH     00DCH     UNIT         ?PR?SYSTEM_INIT?SYSTEM
            CODE    0C08H     00DCH     UNIT         ?PR?MILEAGE_SCAN?MILEAGE
            CODE    0CE4H     00D4H     UNIT         ?PR?ADC_GETVAL?ADC
            CODE    0DB8H     00B3H     UNIT         ?PR?SPEED_SCAN?SPEED_SCAN
            CODE    0E6BH     009DH     UNIT         ?C_INITSEG
            CODE    0F08H     009AH     UNIT         ?C_C51STARTUP
            CODE    0FA2H     0098H     UNIT         ?PR?AIP3368H_DISPLAY
            CODE    103AH     0095H     UNIT         ?PR?BATTERY_SCAN?BATTERY
            CODE    10CFH     0095H     UNIT         ?PR?_AIP3368H_DISPLAY_ENGINE_SPEED_SCALE_BAR?AIP3368H_DISPLAY
            CODE    1164H     0093H     UNIT         ?PR?FUEL_CAPACITY_SCAN?FUEL_CAPACITY
            CODE    11F7H     008DH     UNIT         ?PR?TIMR1_IRQHANDLER?TMR1
            CODE    1284H     007EH     UNIT         ?PR?ENGINE_SPEED_SCAN?ENGINE_SPEED_SCAN
            CODE    1302H     0074H     UNIT         ?PR?ADC_IRQHANDLER?ADC
            CODE    1376H     006CH     UNIT         ?PR?_GET_FILTERED_ADC?FUEL_CAPACITY
            CODE    13E2H     004DH     UNIT         ?PR?FUEL_CAPACITY
            CODE    142FH     0046H     UNIT         ?PR?_AIP3368H_MODULE_SEND_DATA_TO_ALL_DEV?AIP3368
            CODE    1475H     0041H     UNIT         ?PR?ADC_CHANNEL_SWITCH_BY_ISR?ADC
            CODE    14B6H     0040H     UNIT         ?PR?TMR1_CONFIG?TMR1
            CODE    14F6H     003FH     UNIT         ?PR?AIP3368H_MODULE_INIT?AIP3368
            CODE    1535H     003EH     UNIT         ?PR?UPDATE_ENGINE_SPEED_SCAN_DATA?ENGINE_SPEED_SCAN
            CODE    1573H     0039H     UNIT         ?PR?UPDATE_SPEED_SCAN_DATA?SPEED_SCAN
            CODE    15ACH     0037H     UNIT         ?PR?_FLASH_PROGRAM?USER_FLASH
            CODE    15E3H     0036H     UNIT         ?PR?MAIN?MAIN
            CODE    1619H     0034H     UNIT         ?PR?_FLASH_READ?USER_FLASH
            CODE    164DH     0033H     UNIT         ?PR?TMR2_CONFIG?TMR2
            CODE    1680H     0032H     UNIT         ?PR?AIP3368H_DISPLAY_TEST_ENGINE_SPEED_SCALE_BAR_1MS_ISR?AIP3368H_D
>> ISPLAY
            CODE    16B2H     0031H     UNIT         ?PR?INSTRUMENT_INFO_INIT?INSTRUMENT
            CODE    16E3H     0030H     UNIT         ?PR?_ADC_CHANNEL_SET?ADC
            CODE    1713H     002AH     UNIT         ?PR?ADC
            CODE    173DH     0028H     UNIT         ?PR?USER_INIT?MAIN
            CODE    1765H     0028H     UNIT         ?PR?MILEAGE
            CODE    178DH     0028H     UNIT         ?PR?BATTERY
            CODE    17B5H     0026H     UNIT         ?PR?ADC_CONFIG?ADC
            CODE    17DBH     0024H     UNIT         ?PR?_AIP3368H_MODULE_SEND_DATA_TO_ONE_DEV?AIP3368
            CODE    17FFH     001DH     UNIT         ?PR?_CONVER_VOLTAGE_OF_BATTERY_TO_PERCENTAGE?BATTERY
            CODE    181CH     001CH     UNIT         ?PR?AIP3368H_MODULE_DISPLAY?AIP3368
            CODE    1838H     001CH     UNIT         ?PR?INSTRUMENT_INFO_SAVE?INSTRUMENT
            CODE    1854H     001BH     UNIT         ?PR?UART0_DEBUG_INIT?UART0
            CODE    186FH     001BH     UNIT         ?PR?AIP3368H_DISPLAY_ENGINE_SPEED_BACK_LIGHT?AIP3368H_DISPLAY
            CODE    188AH     0019H     UNIT         ?PR?_CONVER_ADC_VAL_TO_VOLTAGE?BATTERY
            CODE    18A3H     0018H     UNIT         ?PR?_AIP3368H_DISPLAY_ERR_ICON?AIP3368H_DISPLAY
            CODE    18BBH     0014H     UNIT         ?PR?ADC_SINGLE_CONVERT?ADC
            CODE    18CFH     0013H     UNIT         ?PR?_AIP3368H_DISPLAY_BAT_ERR_ICON?AIP3368H_DISPLAY
            CODE    18E2H     0011H     UNIT         ?PR?TMR2
            CODE    18F3H     0011H     UNIT         ?PR?_FLASH_ERASE_SECTOR?USER_FLASH
            CODE    1904H     0011H     UNIT         ?PR?_SAMPLES_INIT?FUEL_CAPACITY
            CODE    1915H     0010H     UNIT         ?PR?_AIP3368H_DISPLAY_EXCLAMATION_POINT?AIP3368H_DISPLAY
            CODE    1925H     000EH     UNIT         ?PR?_PUTCHAR?UART0
            CODE    1933H     000EH     UNIT         ?PR?AIP3368H_MODULE_CLEAR?AIP3368
            CODE    1941H     000DH     UNIT         ?PR?AIP3368
            CODE    194EH     000DH     UNIT         ?PR?SPEED_SCAN_CONFIG?SPEED_SCAN
            CODE    195BH     000DH     UNIT         ?PR?ENGINE_SPEED_SCAN_CONFIG?ENGINE_SPEED_SCAN
            CODE    1968H     000CH     UNIT         ?PR?SPEED_SCAN
            CODE    1974H     000BH     UNIT         ?PR?_DELAY?SYSTEM
BL51 BANKED LINKER/LOCATER V6.22.4.0                                                  05/08/2026  18:48:34  PAGE 4


            CODE    197FH     000BH     UNIT         ?CO?MAIN
            CODE    198AH     000AH     UNIT         ?PR?AIP3368H_REFRESH_TIME_ADD?AIP3368
            CODE    1994H     0009H     UNIT         ?PR?_ADC_UPDATE_FUEL_VAL?FUEL_CAPACITY
            CODE    199DH     0009H     UNIT         ?PR?_ADC_UPDATE_BATTERY_VAL?BATTERY
            CODE    19A6H     0008H     UNIT         ?PR?_UART0_SEND_BYTE?UART0
            CODE    19AEH     0007H     UNIT         ?PR?TMR1
            CODE    19B5H     0007H     UNIT         ?PR?PIN_LEVEL_SCAN_CONFIG?PIN_LEVEL_SCAN
            CODE    19BCH     0006H     UNIT         ?PR?ENGINE_SPEED_SCAN
            CODE    19C2H     0001H     UNIT         ?PR?PIN_LEVEL_SCAN?PIN_LEVEL_SCAN
            CODE    19C3H     0001H     UNIT         ?PR?AIP3368H_DISPLAY_SPEED?AIP3368H_DISPLAY



OVERLAY MAP OF MODULE:   .\Release\Objects\Project (?C_STARTUP)


SEGMENT                                             BIT_GROUP          DATA_GROUP          XDATA_GROUP
  +--> CALLED SEGMENT                            START    LENGTH     START    LENGTH     START    LENGTH
--------------------------------------------------------------------------------------------------------
?C_C51STARTUP                                    -----    -----      -----    -----      -----    -----
  +--> ?PR?MAIN?MAIN
  +--> ?C_INITSEG

?PR?MAIN?MAIN                                    -----    -----      -----    -----      -----    -----
  +--> ?PR?SYSTEM_INIT?SYSTEM
  +--> ?PR?USER_INIT?MAIN
  +--> ?PR?_AIP3368H_DISPLAY_ERR_ICON?AIP336...
  +--> ?PR?_DELAY_MS?SYSTEM
  +--> ?PR?AIP3368H_MODULE_DISPLAY?AIP3368

?PR?SYSTEM_INIT?SYSTEM                           -----    -----      -----    -----      -----    -----
  +--> ?PR?_DELAY?SYSTEM
  +--> ?PR?_DELAY_MS?SYSTEM

?PR?_DELAY_MS?SYSTEM                             -----    -----      -----    -----      -----    -----
  +--> ?PR?_DELAY?SYSTEM

?PR?USER_INIT?MAIN                               -----    -----      -----    -----      -----    -----
  +--> ?PR?DEBUG_PIN_INIT?MAIN
  +--> ?PR?UART0_DEBUG_INIT?UART0
  +--> ?CO?MAIN
  +--> ?PR?PRINTF?PRINTF
  +--> ?PR?SPEED_SCAN_CONFIG?SPEED_SCAN
  +--> ?PR?ENGINE_SPEED_SCAN_CONFIG?ENGINE_S...
  +--> ?PR?ADC_CONFIG?ADC
  +--> ?PR?INSTRUMENT_INFO_INIT?INSTRUMENT
  +--> ?PR?AIP3368H_MODULE_INIT?AIP3368
  +--> ?PR?TMR1_CONFIG?TMR1
  +--> ?PR?_DELAY_MS?SYSTEM

?PR?PRINTF?PRINTF                                0020H.0  0001H.1    0008H    0005H      6030H    0028H
  +--> ?PR?_PUTCHAR?UART0

?PR?_PUTCHAR?UART0                               -----    -----      -----    -----      6058H    0001H
  +--> ?PR?_UART0_SEND_BYTE?UART0

?PR?INSTRUMENT_INFO_INIT?INSTRUMENT              -----    -----      -----    -----      6030H    0009H
BL51 BANKED LINKER/LOCATER V6.22.4.0                                                  05/08/2026  18:48:34  PAGE 5


  +--> ?PR?_FLASH_READ?USER_FLASH

?PR?_FLASH_READ?USER_FLASH                       -----    -----      -----    -----      6039H    0005H

?PR?AIP3368H_MODULE_INIT?AIP3368                 -----    -----      -----    -----      -----    -----
  +--> ?PR?AIP3368
  +--> ?PR?_AIP3368H_MODULE_SEND_DATA_TO_ALL...

?PR?_AIP3368H_MODULE_SEND_DATA_TO_ALL...         -----    -----      -----    -----      6030H    0005H
  +--> ?PR?_AIP3368H_MODULE_SEND_DATA_TO_ONE...

?PR?AIP3368H_MODULE_DISPLAY?AIP3368              -----    -----      -----    -----      -----    -----
  +--> ?PR?AIP3368
  +--> ?PR?_AIP3368H_MODULE_SEND_DATA_TO_ALL...

*** NEW ROOT ***************************************************

?PR?TIMR1_IRQHANDLER?TMR1                        -----    -----      -----    -----      -----    -----
  +--> ?PR?TMR1
  +--> ?PR?AIP3368H_REFRESH_TIME_ADD?AIP3368

*** NEW ROOT ***************************************************

?PR?TIMR2_IRQHANDLER?TMR2                        -----    -----      -----    -----      -----    -----
  +--> ?PR?TMR2
  +--> ?PR?UPDATE_ENGINE_SPEED_SCAN_DATA?ENG...
  +--> ?PR?UPDATE_SPEED_SCAN_DATA?SPEED_SCAN

?PR?UPDATE_ENGINE_SPEED_SCAN_DATA?ENG...         -----    -----      -----    -----      -----    -----
  +--> ?PR?ENGINE_SPEED_SCAN

?PR?UPDATE_SPEED_SCAN_DATA?SPEED_SCAN            -----    -----      -----    -----      -----    -----
  +--> ?PR?SPEED_SCAN

*** NEW ROOT ***************************************************

?PR?ADC_IRQHANDLER?ADC                           -----    -----      -----    -----      6059H    0002H
  +--> ?PR?ADC
  +--> ?PR?_ADC_UPDATE_BATTERY_VAL?BATTERY
  +--> ?PR?_ADC_UPDATE_FUEL_VAL?FUEL_CAPACITY



SYMBOL TABLE OF MODULE:  .\Release\Objects\Project (?C_STARTUP)

  VALUE           TYPE          NAME
  ----------------------------------

  -------         MODULE        ?C_STARTUP
  C:0F08H         SEGMENT       ?C_C51STARTUP
  I:0022H         SEGMENT       ?STACK
  C:0000H         PUBLIC        ?C_STARTUP
  D:00E0H         SYMBOL        ACC
  D:00F0H         SYMBOL        B
  D:0083H         SYMBOL        DPH
  D:0082H         SYMBOL        DPL
  N:0000H         SYMBOL        IBPSTACK
BL51 BANKED LINKER/LOCATER V6.22.4.0                                                  05/08/2026  18:48:34  PAGE 6


  N:0100H         SYMBOL        IBPSTACKTOP
  N:0080H         SYMBOL        IDATALEN
  C:0F0BH         SYMBOL        IDATALOOP
  N:0000H         SYMBOL        PBPSTACK
  N:0100H         SYMBOL        PBPSTACKTOP
  N:0000H         SYMBOL        PDATALEN
  N:0000H         SYMBOL        PDATASTART
  N:0000H         SYMBOL        PPAGE
  N:0000H         SYMBOL        PPAGEENABLE
  D:00A0H         SYMBOL        PPAGE_SFR
  D:0081H         SYMBOL        SP
  C:0F08H         SYMBOL        STARTUP1
  N:0000H         SYMBOL        XBPSTACK
  N:0000H         SYMBOL        XBPSTACKTOP
  N:0700H         SYMBOL        XDATALEN
  C:0F16H         SYMBOL        XDATALOOP
  N:6000H         SYMBOL        XDATASTART
  C:0000H         LINE#         126
  C:0F08H         LINE#         133
  C:0F0AH         LINE#         134
  C:0F0BH         LINE#         135
  C:0F0CH         LINE#         136
  C:0F0EH         LINE#         140
  C:0F11H         LINE#         141
  C:0F13H         LINE#         145
  C:0F15H         LINE#         147
  C:0F16H         LINE#         148
  C:0F17H         LINE#         149
  C:0F18H         LINE#         150
  C:0F1AH         LINE#         151
  C:0F1CH         LINE#         185
  C:0F1FH         LINE#         196
  -------         ENDMOD        ?C_STARTUP

  -------         MODULE        SYSTEM
  C:0000H         SYMBOL        _ICE_DUMMY_
  D:00D9H         PUBLIC        WDT_KEY
  D:00A7H         PUBLIC        FLASH_TIMEREG0
  D:00ACH         PUBLIC        FLASH_TIMEREG1
  C:1974H         PUBLIC        _delay
  C:0027H         PUBLIC        _delay_ms
  C:0B2CH         PUBLIC        system_init
  -------         PROC          _DELAY
  D:0006H         SYMBOL        cnt
  C:1974H         LINE#         37
  C:1974H         LINE#         38
  C:1974H         LINE#         39
  C:197EH         LINE#         40
  C:197EH         LINE#         41
  C:197EH         LINE#         42
  -------         ENDPROC       _DELAY
  -------         PROC          _DELAY_MS
  D:0002H         SYMBOL        ms
  C:0027H         LINE#         49
  C:002BH         LINE#         50
  C:002BH         LINE#         51
  C:0035H         LINE#         52
BL51 BANKED LINKER/LOCATER V6.22.4.0                                                  05/08/2026  18:48:34  PAGE 7


  C:0035H         LINE#         53
  C:003CH         LINE#         54
  C:003FH         LINE#         55
  C:0041H         LINE#         56
  -------         ENDPROC       _DELAY_MS
  -------         PROC          SYSTEM_INIT
  -------         DO            
  D:0007H         SYMBOL        i
  -------         ENDDO         
  C:0B2CH         LINE#         63
  C:0B2CH         LINE#         64
  C:0B2CH         LINE#         67
  C:0B33H         LINE#         68
  C:0B40H         LINE#         69
  C:0B43H         LINE#         72
  C:0B46H         LINE#         73
  C:0B4CH         LINE#         74
  C:0B52H         LINE#         75
  C:0B58H         LINE#         76
  C:0B5EH         LINE#         77
  C:0B65H         LINE#         81
  C:0B67H         LINE#         82
  C:0B67H         LINE#         83
  C:0B74H         LINE#         84
  C:0B79H         LINE#         86
  C:0C07H         LINE#         87
  -------         ENDPROC       SYSTEM_INIT
  -------         ENDMOD        SYSTEM

  -------         MODULE        TK_SET
  C:0000H         SYMBOL        _ICE_DUMMY_
  -------         ENDMOD        TK_SET

  -------         MODULE        TMR1
  C:0000H         SYMBOL        _ICE_DUMMY_
  D:00A8H         PUBLIC        IE0
  D:00A9H         PUBLIC        IE1
  D:00AAH         PUBLIC        IE2
  D:00ABH         PUBLIC        IE3
  B:00A8H.7       PUBLIC        IE_EA
  D:00B8H         PUBLIC        IP0
  D:00B1H         PUBLIC        IP1
  D:00B2H         PUBLIC        IP2
  D:00B3H         PUBLIC        IP3
  D:00B4H         PUBLIC        IP4
  D:00B5H         PUBLIC        IP5
  D:00B6H         PUBLIC        IP6
  D:00B7H         PUBLIC        IP7
  D:00D1H         PUBLIC        TMR_ALLCON
  C:14B6H         PUBLIC        tmr1_config
  C:11F7H         PUBLIC        TIMR1_IRQHandler
  C:19AEH         SYMBOL        Com0043
  C:19AEH         SYMBOL        L?0068
  C:19AEH         SYMBOL        L?0069
  -------         PROC          COM0043
  -------         ENDPROC       COM0043
  -------         PROC          TMR1_CONFIG
BL51 BANKED LINKER/LOCATER V6.22.4.0                                                  05/08/2026  18:48:34  PAGE 8


  C:14B6H         LINE#         10
  C:14B6H         LINE#         11
  C:14B6H         LINE#         12
  C:14BCH         LINE#         13
  C:14BFH         LINE#         14
  C:14C1H         LINE#         16
  C:14C4H         LINE#         19
  C:14CAH         LINE#         20
  C:14CEH         LINE#         21
  C:14D2H         LINE#         22
  C:14D6H         LINE#         24
  C:14DBH         LINE#         25
  C:14DFH         LINE#         28
  C:14E4H         LINE#         29
  C:14E8H         LINE#         35
  C:14EEH         LINE#         36
  C:14F2H         LINE#         38
  C:14F5H         LINE#         40
  -------         ENDPROC       TMR1_CONFIG
  -------         PROC          TIMR1_IRQHANDLER
  C:11F7H         LINE#         43
  C:1214H         LINE#         46
  C:1214H         LINE#         51
  C:121AH         LINE#         52
  C:121AH         LINE#         53
  C:121EH         LINE#         72
  C:121EH         LINE#         73
  C:1224H         LINE#         74
  C:1224H         LINE#         78
  C:123BH         LINE#         79
  C:123BH         LINE#         80
  C:1241H         LINE#         82
  C:1241H         LINE#         86
  C:1241H         LINE#         87
  C:125AH         LINE#         89
  C:125AH         LINE#         93
  C:125AH         LINE#         94
  C:1260H         LINE#         95
  C:1260H         LINE#         99
  C:1260H         LINE#         100
  C:1266H         LINE#         101
  C:1266H         LINE#         104
  C:1269H         LINE#         110
  C:1269H         LINE#         114
  C:1269H         LINE#         115
  -------         ENDPROC       TIMR1_IRQHANDLER
  -------         ENDMOD        TMR1

  -------         MODULE        TMR2
  C:0000H         SYMBOL        _ICE_DUMMY_
  D:00A8H         PUBLIC        IE0
  D:00A9H         PUBLIC        IE1
  D:00AAH         PUBLIC        IE2
  D:00ABH         PUBLIC        IE3
  B:00A8H.7       PUBLIC        IE_EA
  D:00B8H         PUBLIC        IP0
  D:00B1H         PUBLIC        IP1
BL51 BANKED LINKER/LOCATER V6.22.4.0                                                  05/08/2026  18:48:34  PAGE 9


  D:00B2H         PUBLIC        IP2
  D:00B3H         PUBLIC        IP3
  D:00B4H         PUBLIC        IP4
  D:00B5H         PUBLIC        IP5
  D:00B6H         PUBLIC        IP6
  D:00B7H         PUBLIC        IP7
  B:0080H.2       PUBLIC        P02
  B:0090H.5       PUBLIC        P15
  D:00D1H         PUBLIC        TMR_ALLCON
  C:164DH         PUBLIC        tmr2_config
  C:0A36H         PUBLIC        TIMR2_IRQHandler
  C:18E2H         SYMBOL        Com004C
  C:18E2H         SYMBOL        L?0077
  C:18E2H         SYMBOL        L?0078
  -------         PROC          COM004C
  -------         ENDPROC       COM004C
  -------         PROC          TMR2_CONFIG
  C:164DH         LINE#         14
  C:164DH         LINE#         15
  C:164DH         LINE#         16
  C:1653H         LINE#         17
  C:1656H         LINE#         18
  C:1658H         LINE#         21
  C:165BH         LINE#         24
  C:1661H         LINE#         25
  C:1667H         LINE#         27
  C:166EH         LINE#         28
  C:1672H         LINE#         30
  C:1678H         LINE#         33
  C:167CH         LINE#         37
  C:167FH         LINE#         38
  -------         ENDPROC       TMR2_CONFIG
  -------         PROC          TIMR2_IRQHANDLER
  -------         DO            
  B:0021H.1       SYMBOL        last_engine_speed_scan_level
  B:0021H.2       SYMBOL        last_speed_scan_level
  -------         DO            
  X:60DDH         SYMBOL        cnt
  X:60DEH         SYMBOL        cnt
  -------         ENDDO         
  -------         DO            
  X:60DEH         SYMBOL        cnt
  -------         ENDDO         
  -------         ENDDO         
  C:0A36H         LINE#         74
  C:0A53H         LINE#         90
  C:0A53H         LINE#         94
  C:0A5DH         LINE#         95
  C:0A5DH         LINE#         96
  C:0A61H         LINE#         100
  C:0A61H         LINE#         102
  C:0A67H         LINE#         103
  C:0A6DH         LINE#         104
  C:0A6DH         LINE#         105
  C:0A6FH         LINE#         106
  C:0A78H         LINE#         108
  C:0A8AH         LINE#         110
BL51 BANKED LINKER/LOCATER V6.22.4.0                                                  05/08/2026  18:48:34  PAGE 10


  C:0A8AH         LINE#         111
  C:0A8EH         LINE#         112
  C:0A90H         LINE#         113
  C:0A90H         LINE#         114
  C:0A90H         LINE#         115
  C:0A90H         LINE#         117
  C:0A93H         LINE#         118
  C:0A93H         LINE#         119
  C:0A96H         LINE#         120
  C:0A96H         LINE#         126
  C:0AA2H         LINE#         127
  C:0AA5H         LINE#         128
  C:0AA5H         LINE#         130
  C:0AA7H         LINE#         131
  C:0AA9H         LINE#         133
  C:0AA9H         LINE#         135
  C:0AABH         LINE#         136
  C:0AABH         LINE#         141
  C:0AABH         LINE#         143
  C:0AB5H         LINE#         144
  C:0AC4H         LINE#         145
  C:0AC4H         LINE#         146
  C:0AC8H         LINE#         147
  C:0AD4H         LINE#         150
  C:0AEAH         LINE#         152
  C:0AEAH         LINE#         153
  C:0AF4H         LINE#         154
  C:0AF6H         LINE#         155
  C:0AF6H         LINE#         156
  C:0AF6H         LINE#         157
  C:0AF6H         LINE#         159
  C:0AF9H         LINE#         160
  C:0AF9H         LINE#         161
  C:0AFCH         LINE#         162
  C:0AFCH         LINE#         163
  C:0B08H         LINE#         164
  C:0B0BH         LINE#         165
  C:0B0BH         LINE#         167
  C:0B0DH         LINE#         168
  C:0B0FH         LINE#         170
  C:0B0FH         LINE#         172
  C:0B11H         LINE#         173
  C:0B11H         LINE#         175
  C:0B11H         LINE#         178
  C:0B11H         LINE#         179
  -------         ENDPROC       TIMR2_IRQHANDLER
  -------         ENDMOD        TMR2

  -------         MODULE        UART0
  C:0000H         SYMBOL        _ICE_DUMMY_
  D:00D2H         PUBLIC        UART0_CON0
  D:00D4H         PUBLIC        UART0_STA
  D:00D5H         PUBLIC        UART0_BAUD0
  D:00D6H         PUBLIC        UART0_BAUD1
  D:00D7H         PUBLIC        UART0_DATA
  C:1925H         PUBLIC        _putchar
  C:1854H         PUBLIC        uart0_debug_init
BL51 BANKED LINKER/LOCATER V6.22.4.0                                                  05/08/2026  18:48:34  PAGE 11


  C:19A6H         PUBLIC        _uart0_send_byte
  -------         PROC          _PUTCHAR
  X:6058H         SYMBOL        c
  C:1925H         LINE#         10
  C:192AH         LINE#         11
  C:192AH         LINE#         12
  C:192DH         LINE#         13
  C:1932H         LINE#         14
  -------         ENDPROC       _PUTCHAR
  -------         PROC          UART0_DEBUG_INIT
  C:1854H         LINE#         17
  C:1854H         LINE#         18
  C:1854H         LINE#         20
  C:185AH         LINE#         21
  C:185EH         LINE#         22
  C:1865H         LINE#         24
  C:1868H         LINE#         25
  C:186BH         LINE#         26
  C:186EH         LINE#         28
  -------         ENDPROC       UART0_DEBUG_INIT
  -------         PROC          _UART0_SEND_BYTE
  D:0007H         SYMBOL        byte
  C:19A6H         LINE#         30
  C:19A6H         LINE#         31
  C:19A6H         LINE#         33
  C:19ABH         LINE#         35
  C:19ADH         LINE#         36
  -------         ENDPROC       _UART0_SEND_BYTE
  -------         ENDMOD        UART0

  -------         MODULE        ADC
  C:0000H         SYMBOL        _ICE_DUMMY_
  D:00A8H         PUBLIC        IE0
  D:00A9H         PUBLIC        IE1
  D:00AAH         PUBLIC        IE2
  D:00ABH         PUBLIC        IE3
  B:00A8H.7       PUBLIC        IE_EA
  D:00B8H         PUBLIC        IP0
  D:00B1H         PUBLIC        IP1
  D:00B2H         PUBLIC        IP2
  D:00B3H         PUBLIC        IP3
  D:00B4H         PUBLIC        IP4
  D:00B5H         PUBLIC        IP5
  D:00B6H         PUBLIC        IP6
  D:00B7H         PUBLIC        IP7
  D:0091H         PUBLIC        ADC_CFG2
  D:0093H         PUBLIC        ADC_DATAH0
  D:0094H         PUBLIC        ADC_DATAL0
  D:0099H         PUBLIC        ADC_CHS0
  D:009EH         PUBLIC        ADC_TRGS0
  X:60E0H         PUBLIC        adc_val
  C:17B5H         PUBLIC        adc_config
  C:18BBH         PUBLIC        adc_single_convert
  C:0CE4H         PUBLIC        adc_getval
  C:1475H         PUBLIC        adc_channel_switch_by_isr
  X:60E2H         SYMBOL        adc_channel_status
  C:16E3H         PUBLIC        _adc_channel_set
BL51 BANKED LINKER/LOCATER V6.22.4.0                                                  05/08/2026  18:48:34  PAGE 12


  C:1302H         PUBLIC        ADC_IRQHandler
  C:1713H         SYMBOL        Com003F
  C:1713H         SYMBOL        L?0064
  C:171CH         SYMBOL        L?0065
  C:1722H         SYMBOL        L?0066
  C:1722H         SYMBOL        L?0067
  C:1729H         SYMBOL        L?0068
  C:1733H         SYMBOL        L?0069
  -------         PROC          COM003F
  -------         ENDPROC       COM003F
  -------         PROC          ADC_CONFIG
  C:17B5H         LINE#         10
  C:17B5H         LINE#         11
  C:17B5H         LINE#         14
  C:17BBH         LINE#         24
  C:17C0H         LINE#         32
  C:17C6H         LINE#         34
  C:17C9H         LINE#         36
  C:17CFH         LINE#         40
  C:17D2H         LINE#         41
  C:17D5H         LINE#         42
  C:17D8H         LINE#         43
  C:17DAH         LINE#         44
  -------         ENDPROC       ADC_CONFIG
  -------         PROC          _ADC_CHANNEL_SET
  D:0007H         SYMBOL        adc_channel
  C:16E3H         LINE#         47
  C:16E3H         LINE#         48
  C:16E3H         LINE#         49
  C:16E6H         LINE#         55
  C:16EEH         LINE#         56
  C:16EEH         LINE#         59
  C:16EEH         LINE#         60
  C:16F5H         LINE#         61
  C:16F9H         LINE#         64
  C:16FCH         LINE#         65
  C:16FEH         LINE#         71
  C:16FEH         LINE#         76
  C:1705H         LINE#         77
  C:1709H         LINE#         80
  C:170CH         LINE#         81
  C:170CH         LINE#         84
  C:170CH         LINE#         86
  C:1712H         LINE#         89
  -------         ENDPROC       _ADC_CHANNEL_SET
  -------         PROC          ADC_SINGLE_CONVERT
  C:18BBH         LINE#         92
  C:18BBH         LINE#         93
  C:18BBH         LINE#         94
  C:18BEH         LINE#         95
  C:18C4H         LINE#         97
  C:18C6H         LINE#         98
  C:18CEH         LINE#         99
  -------         ENDPROC       ADC_SINGLE_CONVERT
  -------         PROC          ADC_GETVAL
  -------         DO            
  X:60BCH         SYMBOL        adc_val_tmp
BL51 BANKED LINKER/LOCATER V6.22.4.0                                                  05/08/2026  18:48:34  PAGE 13


  X:60BEH         SYMBOL        adc_val_sum
  X:60C2H         SYMBOL        get_adcmax
  X:60C4H         SYMBOL        get_adcmin
  X:60C6H         SYMBOL        i
  -------         ENDDO         
  C:0CE4H         LINE#         102
  C:0CE4H         LINE#         103
  C:0CE4H         LINE#         104
  C:0CEBH         LINE#         105
  C:0CF3H         LINE#         106
  C:0CFAH         LINE#         107
  C:0D00H         LINE#         108
  C:0D03H         LINE#         110
  C:0D04H         LINE#         111
  C:0D04H         LINE#         112
  C:0D0FH         LINE#         113
  C:0D18H         LINE#         114
  C:0D18H         LINE#         115
  C:0D2EH         LINE#         116
  C:0D36H         LINE#         117
  C:0D45H         LINE#         118
  C:0D54H         LINE#         119
  C:0D6CH         LINE#         120
  C:0D78H         LINE#         122
  C:0D90H         LINE#         123
  C:0DA7H         LINE#         124
  C:0DB7H         LINE#         126
  C:0DB7H         LINE#         127
  -------         ENDPROC       ADC_GETVAL
  -------         PROC          ADC_CHANNEL_SWITCH_BY_ISR
  C:1475H         LINE#         130
  C:1475H         LINE#         131
  C:1475H         LINE#         132
  C:148AH         LINE#         133
  C:148AH         LINE#         134
  C:148AH         LINE#         135
  C:148AH         LINE#         137
  C:148FH         LINE#         138
  C:1495H         LINE#         139
  C:1496H         LINE#         140
  C:1496H         LINE#         141
  C:1499H         LINE#         142
  C:149FH         LINE#         143
  C:14A0H         LINE#         144
  C:14A0H         LINE#         145
  C:14A5H         LINE#         146
  C:14ABH         LINE#         147
  C:14ACH         LINE#         148
  C:14ACH         LINE#         149
  C:14AFH         LINE#         150
  C:14B5H         LINE#         151
  C:14B5H         LINE#         153
  C:14B5H         LINE#         154
  C:14B5H         LINE#         155
  C:14B5H         LINE#         156
  -------         ENDPROC       ADC_CHANNEL_SWITCH_BY_ISR
  -------         PROC          ADC_IRQHANDLER
BL51 BANKED LINKER/LOCATER V6.22.4.0                                                  05/08/2026  18:48:34  PAGE 14


  -------         DO            
  X:6059H         SYMBOL        adc_val
  -------         ENDDO         
  C:1302H         LINE#         158
  C:131FH         LINE#         163
  C:131FH         LINE#         166
  C:1325H         LINE#         167
  C:1325H         LINE#         168
  C:1328H         LINE#         169
  C:1337H         LINE#         171
  C:1343H         LINE#         172
  C:1343H         LINE#         173
  C:1343H         LINE#         174
  C:134EH         LINE#         175
  C:1350H         LINE#         177
  C:1350H         LINE#         178
  C:135BH         LINE#         179
  C:135BH         LINE#         180
  C:135BH         LINE#         181
  C:135BH         LINE#         184
  C:135BH         LINE#         185
  -------         ENDPROC       ADC_IRQHANDLER
  -------         ENDMOD        ADC

  -------         MODULE        KEY_DRIVER
  C:0000H         SYMBOL        _ICE_DUMMY_
  -------         ENDMOD        KEY_DRIVER

  -------         MODULE        USER_FLASH
  C:0000H         SYMBOL        _ICE_DUMMY_
  D:00A4H         PUBLIC        FLASH_CON
  D:00A5H         PUBLIC        FLASH_STA
  D:00A6H         PUBLIC        FLASH_DATA
  D:00AEH         PUBLIC        FLASH_PASSWORD
  D:00AFH         PUBLIC        FLASH_ADDR
  C:18F3H         PUBLIC        _flash_erase_sector
  C:15ACH         PUBLIC        _flash_program
  C:1619H         PUBLIC        _flash_read
  -------         PROC          _FLASH_ERASE_SECTOR
  D:0007H         SYMBOL        addr
  C:18F3H         LINE#         9
  C:18F3H         LINE#         10
  C:18F3H         LINE#         11
  C:18F6H         LINE#         12
  C:18F8H         LINE#         13
  C:18FBH         LINE#         14
  C:18FEH         LINE#         16
  C:1903H         LINE#         18
  -------         ENDPROC       _FLASH_ERASE_SECTOR
  -------         PROC          _FLASH_PROGRAM
  D:0007H         SYMBOL        addr
  X:60D0H         SYMBOL        p_data
  X:60D3H         SYMBOL        len
  C:15ACH         LINE#         27
  C:15B2H         LINE#         28
  C:15B2H         LINE#         29
  C:15B5H         LINE#         30
BL51 BANKED LINKER/LOCATER V6.22.4.0                                                  05/08/2026  18:48:34  PAGE 15


  C:15B7H         LINE#         32
  C:15C0H         LINE#         33
  C:15C0H         LINE#         34
  C:15C5H         LINE#         36
  C:15D4H         LINE#         37
  C:15D7H         LINE#         38
  C:15DAH         LINE#         40
  C:15E0H         LINE#         41
  C:15E2H         LINE#         42
  -------         ENDPROC       _FLASH_PROGRAM
  -------         PROC          _FLASH_READ
  D:0007H         SYMBOL        addr
  X:603AH         SYMBOL        p_data
  X:603DH         SYMBOL        len
  C:1619H         LINE#         51
  C:161FH         LINE#         52
  C:161FH         LINE#         53
  C:1625H         LINE#         54
  C:1625H         LINE#         55
  C:1644H         LINE#         56
  C:164AH         LINE#         57
  C:164CH         LINE#         58
  -------         ENDPROC       _FLASH_READ
  -------         ENDMOD        USER_FLASH

  -------         MODULE        AIP3368
  C:0000H         SYMBOL        _ICE_DUMMY_
  B:0090H.6       PUBLIC        P16
  B:00A0H.4       PUBLIC        P24
  B:00A0H.5       PUBLIC        P25
  X:606FH         PUBLIC        aip3368h_display_buff
  C:198AH         PUBLIC        aip3368h_refresh_time_add
  C:14F6H         PUBLIC        aip3368h_module_init
  C:181CH         PUBLIC        aip3368h_module_display
  C:1933H         PUBLIC        aip3368h_module_clear
  X:607FH         SYMBOL        aip3368h_refresh_cnt
  C:17DBH         SYMBOL        _aip3368h_module_send_data_to_one_dev
  C:142FH         SYMBOL        _aip3368h_module_send_data_to_all_dev
  C:1941H         SYMBOL        Com0012
  C:1941H         SYMBOL        L?0019
  C:1947H         SYMBOL        L?0020
  -------         PROC          COM0012
  -------         ENDPROC       COM0012
  -------         PROC          AIP3368H_REFRESH_TIME_ADD
  C:198AH         LINE#         13
  C:198AH         LINE#         14
  C:198AH         LINE#         17
  C:198AH         LINE#         18
  -------         ENDPROC       AIP3368H_REFRESH_TIME_ADD
  -------         PROC          _AIP3368H_MODULE_SEND_DATA_TO_ONE_DEV
  D:0006H         SYMBOL        dat
  -------         DO            
  D:0004H         SYMBOL        i
  -------         ENDDO         
  C:17DBH         LINE#         22
  C:17DBH         LINE#         23
  C:17DBH         LINE#         27
BL51 BANKED LINKER/LOCATER V6.22.4.0                                                  05/08/2026  18:48:34  PAGE 16


  C:17DEH         LINE#         28
  C:17DEH         LINE#         29
  C:17E8H         LINE#         32
  C:17EAH         LINE#         34
  C:17F1H         LINE#         35
  C:17F3H         LINE#         37
  C:17FEH         LINE#         39
  -------         ENDPROC       _AIP3368H_MODULE_SEND_DATA_TO_ONE_DEV
  -------         PROC          _AIP3368H_MODULE_SEND_DATA_TO_ALL_DEV
  X:6030H         SYMBOL        buff
  X:6033H         SYMBOL        len
  -------         DO            
  X:6034H         SYMBOL        i
  -------         ENDDO         
  C:142FH         LINE#         41
  C:143AH         LINE#         42
  C:143AH         LINE#         47
  C:143CH         LINE#         48
  C:143EH         LINE#         53
  C:144DH         LINE#         54
  C:144DH         LINE#         55
  C:1466H         LINE#         56
  C:146EH         LINE#         60
  C:1470H         LINE#         62
  C:1472H         LINE#         65
  C:1474H         LINE#         68
  -------         ENDPROC       _AIP3368H_MODULE_SEND_DATA_TO_ALL_DEV
  -------         PROC          AIP3368H_MODULE_DISPLAY
  C:181CH         LINE#         72
  C:181CH         LINE#         73
  C:181CH         LINE#         78
  C:182BH         LINE#         79
  C:182BH         LINE#         81
  C:182BH         LINE#         83
  C:182BH         LINE#         84
  C:182FH         LINE#         86
  C:182FH         LINE#         96
  C:1837H         LINE#         97
  -------         ENDPROC       AIP3368H_MODULE_DISPLAY
  -------         PROC          AIP3368H_MODULE_CLEAR
  C:1933H         LINE#         99
  C:1933H         LINE#         100
  C:1933H         LINE#         101
  C:1939H         LINE#         102
  -------         ENDPROC       AIP3368H_MODULE_CLEAR
  -------         PROC          AIP3368H_MODULE_INIT
  C:14F6H         LINE#         105
  C:14F6H         LINE#         106
  C:14F6H         LINE#         109
  C:14FCH         LINE#         112
  C:1502H         LINE#         113
  C:1506H         LINE#         114
  C:150BH         LINE#         116
  C:1511H         LINE#         117
  C:1515H         LINE#         118
  C:151AH         LINE#         120
  C:151EH         LINE#         121
BL51 BANKED LINKER/LOCATER V6.22.4.0                                                  05/08/2026  18:48:34  PAGE 17


  C:1522H         LINE#         122
  C:1527H         LINE#         124
  C:1529H         LINE#         125
  C:152BH         LINE#         126
  C:152DH         LINE#         128
  -------         ENDPROC       AIP3368H_MODULE_INIT
  -------         ENDMOD        AIP3368

  -------         MODULE        MAIN
  C:0000H         SYMBOL        _ICE_DUMMY_
  D:00D9H         PUBLIC        WDT_KEY
  B:00A0H.3       PUBLIC        P23
  C:000FH         PUBLIC        debug_pin_init
  C:173DH         PUBLIC        user_init
  C:15E3H         PUBLIC        main
  -------         PROC          DEBUG_PIN_INIT
  C:000FH         LINE#         24
  C:000FH         LINE#         25
  C:000FH         LINE#         26
  C:0015H         LINE#         27
  C:0019H         LINE#         28
  C:001EH         LINE#         29
  C:0020H         LINE#         30
  -------         ENDPROC       DEBUG_PIN_INIT
  -------         PROC          USER_INIT
  C:173DH         LINE#         33
  C:173DH         LINE#         34
  C:173DH         LINE#         36
  C:1740H         LINE#         37
  C:1743H         LINE#         38
  C:174CH         LINE#         42
  C:174FH         LINE#         46
  C:1752H         LINE#         50
  C:1755H         LINE#         57
  C:1758H         LINE#         58
  C:175BH         LINE#         60
  C:175EH         LINE#         63
  -------         ENDPROC       USER_INIT
  -------         PROC          MAIN
  C:15E3H         LINE#         67
  C:15E3H         LINE#         68
  C:15E3H         LINE#         70
  C:15E6H         LINE#         75
  C:15E9H         LINE#         76
  C:15F0H         LINE#         77
  C:15F3H         LINE#         80
  C:15F6H         LINE#         90
  C:15F6H         LINE#         91
  C:15F6H         LINE#         96
  C:15F9H         LINE#         134
  C:15FEH         LINE#         135
  C:1605H         LINE#         136
  C:1608H         LINE#         137
  C:160DH         LINE#         138
  C:1614H         LINE#         140
  C:1617H         LINE#         150
  -------         ENDPROC       MAIN
BL51 BANKED LINKER/LOCATER V6.22.4.0                                                  05/08/2026  18:48:34  PAGE 18


  -------         ENDMOD        MAIN

  -------         MODULE        PIN_LEVEL_SCAN
  C:0000H         SYMBOL        _ICE_DUMMY_
  X:60E9H         PUBLIC        pin_level_scan_time_cnt
  C:19B5H         PUBLIC        pin_level_scan_config
  C:19C2H         PUBLIC        pin_level_scan
  -------         PROC          PIN_LEVEL_SCAN_CONFIG
  C:19B5H         LINE#         7
  C:19B5H         LINE#         8
  C:19B5H         LINE#         11
  C:19BBH         LINE#         12
  -------         ENDPROC       PIN_LEVEL_SCAN_CONFIG
  -------         PROC          PIN_LEVEL_SCAN
  C:19C2H         LINE#         15
  C:19C2H         LINE#         16
  C:19C2H         LINE#         19
  -------         ENDPROC       PIN_LEVEL_SCAN
  -------         ENDMOD        PIN_LEVEL_SCAN

  -------         MODULE        SPEED_SCAN
  C:0000H         SYMBOL        _ICE_DUMMY_
  B:0021H.5       PUBLIC        flag_is_speed_scan_over_time
  X:6092H         PUBLIC        speed_pulse_cnt
  X:6096H         PUBLIC        speed_scan_time_ms
  C:194EH         PUBLIC        speed_scan_config
  C:0DB8H         PUBLIC        speed_scan
  X:609AH         SYMBOL        cur_speed_scan_time
  X:609EH         SYMBOL        cur_speed_scan_pulse
  C:1573H         PUBLIC        update_speed_scan_data
  C:1968H         SYMBOL        Com0008
  C:1968H         SYMBOL        L?0009
  C:1968H         SYMBOL        L?0010
  C:196EH         SYMBOL        L?0011
  -------         PROC          COM0008
  -------         ENDPROC       COM0008
  -------         PROC          SPEED_SCAN_CONFIG
  C:194EH         LINE#         6
  C:194EH         LINE#         7
  C:194EH         LINE#         10
  C:1954H         LINE#         11
  C:195AH         LINE#         14
  -------         ENDPROC       SPEED_SCAN_CONFIG
  -------         PROC          UPDATE_SPEED_SCAN_DATA
  C:1573H         LINE#         23
  C:1573H         LINE#         24
  C:1573H         LINE#         25
  C:1585H         LINE#         26
  C:158FH         LINE#         27
  C:15A1H         LINE#         28
  C:15ABH         LINE#         29
  -------         ENDPROC       UPDATE_SPEED_SCAN_DATA
  -------         PROC          SPEED_SCAN
  -------         DO            
  X:60C7H         SYMBOL        cur_speed
  X:60CBH         SYMBOL        tmp
  -------         ENDDO         
BL51 BANKED LINKER/LOCATER V6.22.4.0                                                  05/08/2026  18:48:34  PAGE 19


  C:0DB8H         LINE#         31
  C:0DB8H         LINE#         32
  C:0DB8H         LINE#         33
  C:0DC2H         LINE#         34
  C:0DCCH         LINE#         36
  C:0DE2H         LINE#         37
  C:0DE2H         LINE#         43
  C:0DFEH         LINE#         46
  C:0E01H         LINE#         47
  C:0E01H         LINE#         48
  C:0E0BH         LINE#         49
  C:0E0DH         LINE#         51
  C:0E0DH         LINE#         65
  C:0E34H         LINE#         66
  C:0E34H         LINE#         69
  C:0E46H         LINE#         75
  C:0E50H         LINE#         76
  C:0E5AH         LINE#         77
  C:0E5CH         LINE#         79
  C:0E6AH         LINE#         87
  C:0E6AH         LINE#         88
  -------         ENDPROC       SPEED_SCAN
  -------         ENDMOD        SPEED_SCAN

  -------         MODULE        ENGINE_SPEED_SCAN
  C:0000H         SYMBOL        _ICE_DUMMY_
  B:0021H.6       PUBLIC        flag_is_engine_speed_scan_over_time
  X:60A2H         PUBLIC        engine_speed_scan_cnt
  X:60A6H         PUBLIC        engine_speed_scan_ms
  C:195BH         PUBLIC        engine_speed_scan_config
  C:1284H         PUBLIC        engine_speed_scan
  X:60A8H         SYMBOL        cur_engine_speed_scan_cnt
  X:60ACH         SYMBOL        cur_engine_speed_scan_ms
  C:1535H         PUBLIC        update_engine_speed_scan_data
  C:19BCH         SYMBOL        Com0009
  C:19BCH         SYMBOL        L?0010
  C:19BCH         SYMBOL        L?0011
  -------         PROC          COM0009
  -------         ENDPROC       COM0009
  -------         PROC          ENGINE_SPEED_SCAN_CONFIG
  C:195BH         LINE#         6
  C:195BH         LINE#         7
  C:195BH         LINE#         9
  C:1961H         LINE#         10
  C:1967H         LINE#         11
  -------         ENDPROC       ENGINE_SPEED_SCAN_CONFIG
  -------         PROC          UPDATE_ENGINE_SPEED_SCAN_DATA
  C:1535H         LINE#         21
  C:1535H         LINE#         22
  C:1535H         LINE#         23
  C:154AH         LINE#         24
  C:1554H         LINE#         25
  C:156BH         LINE#         26
  C:1572H         LINE#         27
  -------         ENDPROC       UPDATE_ENGINE_SPEED_SCAN_DATA
  -------         PROC          ENGINE_SPEED_SCAN
  -------         DO            
BL51 BANKED LINKER/LOCATER V6.22.4.0                                                  05/08/2026  18:48:34  PAGE 20


  X:60D9H         SYMBOL        rpm
  -------         ENDDO         
  C:1284H         LINE#         30
  C:1284H         LINE#         31
  C:1284H         LINE#         35
  C:1297H         LINE#         37
  C:1297H         LINE#         39
  C:129AH         LINE#         40
  C:129AH         LINE#         41
  C:12A4H         LINE#         42
  C:12A6H         LINE#         44
  C:12A6H         LINE#         59
  C:12C2H         LINE#         60
  C:12C2H         LINE#         64
  C:12CCH         LINE#         65
  C:12D6H         LINE#         66
  C:12D8H         LINE#         69
  C:12EBH         LINE#         70
  C:12EBH         LINE#         71
  C:12F5H         LINE#         72
  C:12F5H         LINE#         82
  C:1301H         LINE#         87
  C:1301H         LINE#         88
  -------         ENDPROC       ENGINE_SPEED_SCAN
  -------         ENDMOD        ENGINE_SPEED_SCAN

  -------         MODULE        MILEAGE
  C:0000H         SYMBOL        _ICE_DUMMY_
  X:608AH         PUBLIC        distance
  X:608EH         PUBLIC        mileage_save_time_cnt
  X:6090H         PUBLIC        mileage_update_time_cnt
  C:0C08H         PUBLIC        mileage_scan
  C:1765H         SYMBOL        Com000C
  C:1765H         SYMBOL        L?0013
  C:1776H         SYMBOL        L?0014
  C:1786H         SYMBOL        L?0015
  C:1786H         SYMBOL        L?0016
  -------         PROC          COM000C
  -------         ENDPROC       COM000C
  -------         PROC          MILEAGE_SCAN
  -------         DO            
  X:6082H         SYMBOL        old_total_mileage
  X:6086H         SYMBOL        old_subtotal_mileage
  B:0021H.3       SYMBOL        flag_is_any_mileage_save
  B:0021H.4       SYMBOL        is_send_total_mileage
  -------         DO            
  X:6081H         SYMBOL        cnt
  -------         ENDDO         
  -------         ENDDO         
  C:0C08H         LINE#         11
  C:0C08H         LINE#         12
  C:0C08H         LINE#         28
  C:0C1AH         LINE#         30
  C:0C1AH         LINE#         32
  C:0C1DH         LINE#         33
  C:0C1FH         LINE#         34
  C:0C26H         LINE#         41
BL51 BANKED LINKER/LOCATER V6.22.4.0                                                  05/08/2026  18:48:34  PAGE 21


  C:0C26H         LINE#         43
  C:0C35H         LINE#         44
  C:0C35H         LINE#         46
  C:0C45H         LINE#         47
  C:0C45H         LINE#         48
  C:0C51H         LINE#         49
  C:0C51H         LINE#         51
  C:0C61H         LINE#         52
  C:0C61H         LINE#         53
  C:0C6DH         LINE#         54
  C:0C6DH         LINE#         56
  C:0C8AH         LINE#         58
  C:0C8AH         LINE#         60
  C:0C90H         LINE#         61
  C:0C96H         LINE#         62
  C:0C96H         LINE#         63
  C:0C98H         LINE#         64
  C:0C9AH         LINE#         65
  C:0C9AH         LINE#         66
  C:0C9AH         LINE#         67
  C:0C9AH         LINE#         70
  C:0CA8H         LINE#         71
  C:0CA8H         LINE#         72
  C:0CB4H         LINE#         78
  C:0CB4H         LINE#         81
  C:0CC2H         LINE#         82
  C:0CC2H         LINE#         83
  C:0CCEH         LINE#         89
  C:0CCEH         LINE#         91
  C:0CDDH         LINE#         92
  C:0CDDH         LINE#         96
  C:0CE1H         LINE#         98
  C:0CE1H         LINE#         99
  C:0CE1H         LINE#         102
  C:0CE1H         LINE#         104
  C:0CE1H         LINE#         106
  C:0CE1H         LINE#         108
  C:0CE3H         LINE#         111
  C:0CE3H         LINE#         112
  -------         ENDPROC       MILEAGE_SCAN
  -------         ENDMOD        MILEAGE

  -------         MODULE        AD_KEY
  C:0000H         SYMBOL        _ICE_DUMMY_
  -------         ENDMOD        AD_KEY

  -------         MODULE        FUEL_CAPACITY
  C:0000H         SYMBOL        _ICE_DUMMY_
  X:6001H         PUBLIC        fuel_capacity_scan_cnt
  C:1164H         PUBLIC        fuel_capacity_scan
  C:1994H         PUBLIC        _adc_update_fuel_val
  X:6005H         SYMBOL        adc_val_of_fuel
  X:6007H         SYMBOL        samples
  X:602FH         SYMBOL        sample_index
  C:1376H         PUBLIC        _get_filtered_adc
  C:1904H         PUBLIC        _samples_init
  C:08BDH         PUBLIC        _convert_fuel_adc_to_percent
BL51 BANKED LINKER/LOCATER V6.22.4.0                                                  05/08/2026  18:48:34  PAGE 22


  C:13E2H         SYMBOL        Com0027
  C:13E2H         SYMBOL        L?0040
  C:13F0H         SYMBOL        L?0041
  C:13F8H         SYMBOL        L?0042
  C:13F8H         SYMBOL        L?0043
  C:1401H         SYMBOL        L?0044
  C:1401H         SYMBOL        L?0045
  C:140BH         SYMBOL        L?0046
  C:140FH         SYMBOL        L?0047
  C:141AH         SYMBOL        L?0048
  C:141AH         SYMBOL        L?0049
  C:1426H         SYMBOL        L?0051
  -------         PROC          COM0027
  -------         ENDPROC       COM0027
  -------         PROC          _ADC_UPDATE_FUEL_VAL
  D:0006H         SYMBOL        adc_val
  C:1994H         LINE#         11
  C:1994H         LINE#         12
  C:1994H         LINE#         13
  C:199CH         LINE#         14
  -------         ENDPROC       _ADC_UPDATE_FUEL_VAL
  -------         PROC          _GET_FILTERED_ADC
  D:0002H         SYMBOL        adc_val
  -------         DO            
  X:60D4H         SYMBOL        i
  X:60D5H         SYMBOL        sum
  -------         ENDDO         
  C:1376H         LINE#         20
  C:137AH         LINE#         21
  C:137AH         LINE#         22
  C:137FH         LINE#         23
  C:1387H         LINE#         24
  C:139BH         LINE#         25
  C:13A4H         LINE#         26
  C:13A6H         LINE#         28
  C:13ABH         LINE#         29
  C:13D3H         LINE#         31
  -------         ENDPROC       _GET_FILTERED_ADC
  -------         PROC          _SAMPLES_INIT
  D:0006H         SYMBOL        adc_val
  -------         DO            
  D:0005H         SYMBOL        i
  -------         ENDDO         
  C:1904H         LINE#         35
  C:1904H         LINE#         36
  C:1904H         LINE#         37
  C:1906H         LINE#         38
  C:1906H         LINE#         39
  C:1906H         LINE#         40
  C:190FH         LINE#         41
  C:1914H         LINE#         42
  -------         ENDPROC       _SAMPLES_INIT
  -------         PROC          _CONVERT_FUEL_ADC_TO_PERCENT
  X:60EBH         SYMBOL        fuel_adc_val
  -------         DO            
  D:0005H         SYMBOL        ret
  -------         ENDDO         
BL51 BANKED LINKER/LOCATER V6.22.4.0                                                  05/08/2026  18:48:34  PAGE 23


  C:08BDH         LINE#         45
  C:08C5H         LINE#         46
  C:08C5H         LINE#         47
  C:08C7H         LINE#         58
  C:08DAH         LINE#         59
  C:08DAH         LINE#         60
  C:08DCH         LINE#         61
  C:08DFH         LINE#         63
  C:08DFH         LINE#         64
  C:08E8H         LINE#         65
  C:08E8H         LINE#         66
  C:08EAH         LINE#         67
  C:08EDH         LINE#         68
  C:08F6H         LINE#         69
  C:08F6H         LINE#         70
  C:08F8H         LINE#         71
  C:08FBH         LINE#         72
  C:090CH         LINE#         73
  C:090CH         LINE#         78
  C:0919H         LINE#         79
  C:0920H         LINE#         80
  C:0923H         LINE#         81
  C:0936H         LINE#         82
  C:0936H         LINE#         83
  C:0944H         LINE#         84
  C:094BH         LINE#         85
  C:0953H         LINE#         86
  C:0953H         LINE#         87
  C:0955H         LINE#         88
  C:0955H         LINE#         89
  C:0958H         LINE#         90
  C:096BH         LINE#         91
  C:096BH         LINE#         92
  C:097CH         LINE#         93
  C:0983H         LINE#         94
  C:098BH         LINE#         95
  C:098BH         LINE#         96
  C:098DH         LINE#         97
  C:098DH         LINE#         98
  C:0990H         LINE#         99
  C:09A3H         LINE#         100
  C:09A3H         LINE#         101
  C:09B4H         LINE#         102
  C:09BBH         LINE#         103
  C:09C0H         LINE#         104
  C:09C0H         LINE#         105
  C:09C2H         LINE#         106
  C:09C2H         LINE#         107
  C:09C5H         LINE#         108
  C:09D8H         LINE#         109
  C:09D8H         LINE#         110
  C:09EDH         LINE#         111
  C:09F4H         LINE#         112
  C:09F9H         LINE#         113
  C:09F9H         LINE#         114
  C:09FBH         LINE#         115
  C:09FBH         LINE#         116
BL51 BANKED LINKER/LOCATER V6.22.4.0                                                  05/08/2026  18:48:34  PAGE 24


  C:09FDH         LINE#         117
  C:0A10H         LINE#         118
  C:0A10H         LINE#         119
  C:0A25H         LINE#         120
  C:0A2CH         LINE#         121
  C:0A31H         LINE#         122
  C:0A31H         LINE#         123
  C:0A33H         LINE#         124
  C:0A33H         LINE#         125
  C:0A33H         LINE#         126
  C:0A33H         LINE#         135
  C:0A35H         LINE#         136
  -------         ENDPROC       _CONVERT_FUEL_ADC_TO_PERCENT
  C:11E3H         SYMBOL        L?0050
  -------         PROC          FUEL_CAPACITY_SCAN
  -------         DO            
  X:60E3H         SYMBOL        fuel_percent
  X:60E4H         SYMBOL        fuel_adc_val
  -------         DO            
  X:6000H         SYMBOL        status
  -------         ENDDO         
  -------         ENDDO         
  C:1164H         LINE#         144
  C:1164H         LINE#         145
  C:1164H         LINE#         146
  C:1169H         LINE#         147
  C:116DH         LINE#         151
  C:1180H         LINE#         163
  C:1180H         LINE#         165
  C:1186H         LINE#         166
  C:1186H         LINE#         167
  C:1190H         LINE#         168
  C:1190H         LINE#         169
  C:119AH         LINE#         171
  C:11A5H         LINE#         172
  C:11A8H         LINE#         173
  C:11B8H         LINE#         175
  C:11B8H         LINE#         178
  C:11B8H         LINE#         180
  C:11BBH         LINE#         183
  C:11C0H         LINE#         184
  C:11C0H         LINE#         185
  C:11C0H         LINE#         186
  C:11C0H         LINE#         188
  C:11CDH         LINE#         189
  C:11CDH         LINE#         191
  C:11D7H         LINE#         195
  C:11DFH         LINE#         198
  C:11DFH         LINE#         200
  C:11E2H         LINE#         202
  C:11E2H         LINE#         203
  -------         ENDPROC       FUEL_CAPACITY_SCAN
  -------         ENDMOD        FUEL_CAPACITY

  -------         MODULE        BATTERY
  C:0000H         SYMBOL        _ICE_DUMMY_
  X:60B8H         PUBLIC        battery_scan_time_cnt
BL51 BANKED LINKER/LOCATER V6.22.4.0                                                  05/08/2026  18:48:34  PAGE 25


  C:103AH         PUBLIC        battery_scan
  C:199DH         PUBLIC        _adc_update_battery_val
  X:60BAH         SYMBOL        adc_val_of_battery
  C:188AH         PUBLIC        _conver_adc_val_to_voltage
  C:17FFH         PUBLIC        _conver_voltage_of_battery_to_percentage
  C:178DH         SYMBOL        Com000A
  C:178DH         SYMBOL        L?0011
  C:17A8H         SYMBOL        L?0012
  -------         PROC          COM000A
  -------         ENDPROC       COM000A
  -------         PROC          _ADC_UPDATE_BATTERY_VAL
  D:0006H         SYMBOL        adc_val
  C:199DH         LINE#         9
  C:199DH         LINE#         10
  C:199DH         LINE#         11
  C:19A5H         LINE#         12
  -------         ENDPROC       _ADC_UPDATE_BATTERY_VAL
  -------         PROC          _CONVER_ADC_VAL_TO_VOLTAGE
  D:0006H         SYMBOL        arg_adc_val
  C:188AH         LINE#         20
  C:188AH         LINE#         21
  C:188AH         LINE#         31
  -------         ENDPROC       _CONVER_ADC_VAL_TO_VOLTAGE
  -------         PROC          _CONVER_VOLTAGE_OF_BATTERY_TO_PERCENTAGE
  D:0007H         SYMBOL        voltage
  -------         DO            
  D:0006H         SYMBOL        tmp
  -------         ENDDO         
  C:17FFH         LINE#         37
  C:17FFH         LINE#         38
  C:17FFH         LINE#         42
  C:1805H         LINE#         43
  C:1805H         LINE#         44
  C:1807H         LINE#         45
  C:1809H         LINE#         47
  C:1809H         LINE#         50
  C:1819H         LINE#         51
  C:1819H         LINE#         53
  C:181BH         LINE#         54
  -------         ENDPROC       _CONVER_VOLTAGE_OF_BATTERY_TO_PERCENTAGE
  -------         PROC          BATTERY_SCAN
  -------         DO            
  D:0002H         SYMBOL        voltage_of_battery
  D:0001H         SYMBOL        cur_percentage_of_battery
  X:60B0H         SYMBOL        battery_scan_cnt
  X:60B4H         SYMBOL        battery_val
  B:0021H.7       SYMBOL        flag_is_power_on_first
  -------         ENDDO         
  C:103AH         LINE#         56
  C:103AH         LINE#         57
  C:103AH         LINE#         58
  C:103DH         LINE#         59
  C:103EH         LINE#         71
  C:1057H         LINE#         73
  C:105AH         LINE#         74
  C:105AH         LINE#         76
  C:105AH         LINE#         77
BL51 BANKED LINKER/LOCATER V6.22.4.0                                                  05/08/2026  18:48:34  PAGE 26


  C:1060H         LINE#         78
  C:1060H         LINE#         79
  C:106AH         LINE#         80
  C:1074H         LINE#         81
  C:107BH         LINE#         83
  C:1080H         LINE#         84
  C:1088H         LINE#         94
  C:108AH         LINE#         95
  C:108BH         LINE#         97
  C:108BH         LINE#         100
  C:109AH         LINE#         101
  C:109AH         LINE#         102
  C:109AH         LINE#         103
  C:10A0H         LINE#         104
  C:10A0H         LINE#         105
  C:10AAH         LINE#         106
  C:10B4H         LINE#         107
  C:10BBH         LINE#         109
  C:10C2H         LINE#         110
  C:10CEH         LINE#         117
  C:10CEH         LINE#         118
  C:10CEH         LINE#         122
  -------         ENDPROC       BATTERY_SCAN
  -------         ENDMOD        BATTERY

  -------         MODULE        TOUCH_KEY
  C:0000H         SYMBOL        _ICE_DUMMY_
  -------         ENDMOD        TOUCH_KEY

  -------         MODULE        INSTRUMENT
  C:0000H         SYMBOL        _ICE_DUMMY_
  X:605BH         PUBLIC        instrument
  C:16B2H         PUBLIC        instrument_info_init
  C:1838H         PUBLIC        instrument_info_save
  -------         PROC          INSTRUMENT_INFO_INIT
  -------         DO            
  X:6030H         SYMBOL        save_info
  -------         ENDDO         
  C:16B2H         LINE#         8
  C:16B2H         LINE#         9
  C:16B2H         LINE#         13
  C:16C3H         LINE#         15
  C:16CAH         LINE#         16
  C:16CAH         LINE#         18
  C:16D6H         LINE#         19
  C:16E2H         LINE#         20
  C:16E2H         LINE#         22
  C:16E2H         LINE#         24
  C:16E2H         LINE#         25
  -------         ENDPROC       INSTRUMENT_INFO_INIT
  -------         PROC          INSTRUMENT_INFO_SAVE
  C:1838H         LINE#         27
  C:1838H         LINE#         28
  C:1838H         LINE#         31
  C:183EH         LINE#         33
  C:1843H         LINE#         35
  -------         ENDPROC       INSTRUMENT_INFO_SAVE
BL51 BANKED LINKER/LOCATER V6.22.4.0                                                  05/08/2026  18:48:34  PAGE 27


  -------         ENDMOD        INSTRUMENT

  -------         MODULE        AIP3368H_DISPLAY
  C:0000H         SYMBOL        _ICE_DUMMY_
  C:186FH         PUBLIC        aip3368h_display_engine_speed_back_light
  C:1915H         PUBLIC        _aip3368h_display_exclamation_point
  C:10CFH         PUBLIC        _aip3368h_display_engine_speed_scale_bar
  C:18CFH         PUBLIC        _aip3368h_display_bat_err_icon
  C:18A3H         PUBLIC        _aip3368h_display_err_icon
  C:1680H         PUBLIC        aip3368h_display_test_engine_speed_scale_bar_1ms_isr
  C:0726H         PUBLIC        aip3368h_display_test
  C:19C3H         PUBLIC        aip3368h_display_speed
  C:0FA2H         SYMBOL        Com0021
  C:0FA2H         SYMBOL        L?0034
  C:0FA2H         SYMBOL        L?0035
  C:0FC3H         SYMBOL        L?0036
  C:0FCDH         SYMBOL        L?0037
  C:0FD6H         SYMBOL        L?0038
  C:0FE0H         SYMBOL        L?0039
  C:0FE8H         SYMBOL        L?0040
  C:0FEBH         SYMBOL        L?0041
  C:0FECH         SYMBOL        L?0042
  C:0FF3H         SYMBOL        L?0043
  C:0FF6H         SYMBOL        L?0044
  C:0FFEH         SYMBOL        L?0045
  C:1001H         SYMBOL        L?0046
  C:1009H         SYMBOL        L?0047
  C:1009H         SYMBOL        L?0048
  C:1011H         SYMBOL        L?0049
  C:1011H         SYMBOL        L?0050
  C:1019H         SYMBOL        L?0051
  C:1019H         SYMBOL        L?0052
  C:1021H         SYMBOL        L?0053
  C:1021H         SYMBOL        L?0054
  C:1029H         SYMBOL        L?0055
  -------         PROC          COM0021
  -------         ENDPROC       COM0021
  -------         PROC          AIP3368H_DISPLAY_SPEED
  C:19C3H         LINE#         5
  C:19C3H         LINE#         6
  C:19C3H         LINE#         7
  -------         ENDPROC       AIP3368H_DISPLAY_SPEED
  -------         PROC          AIP3368H_DISPLAY_ENGINE_SPEED_BACK_LIGHT
  C:186FH         LINE#         10
  C:186FH         LINE#         11
  C:186FH         LINE#         12
  C:1872H         LINE#         14
  C:1879H         LINE#         15
  C:187DH         LINE#         16
  C:1883H         LINE#         17
  C:1883H         LINE#         18
  C:1889H         LINE#         19
  -------         ENDPROC       AIP3368H_DISPLAY_ENGINE_SPEED_BACK_LIGHT
  -------         PROC          _AIP3368H_DISPLAY_EXCLAMATION_POINT
  D:0007H         SYMBOL        is_enable
  C:1915H         LINE#         22
  C:1915H         LINE#         23
BL51 BANKED LINKER/LOCATER V6.22.4.0                                                  05/08/2026  18:48:34  PAGE 28


  C:1915H         LINE#         24
  C:191BH         LINE#         25
  C:191BH         LINE#         26
  C:191FH         LINE#         27
  C:1920H         LINE#         29
  C:1920H         LINE#         30
  C:1924H         LINE#         31
  C:1924H         LINE#         32
  -------         ENDPROC       _AIP3368H_DISPLAY_EXCLAMATION_POINT
  -------         PROC          _AIP3368H_DISPLAY_ENGINE_SPEED_SCALE_BAR
  D:0005H         SYMBOL        level
  C:10CFH         LINE#         39
  C:10D1H         LINE#         40
  C:10D1H         LINE#         42
  C:10D4H         LINE#         43
  C:10D4H         LINE#         44
  C:10D4H         LINE#         45
  C:10D7H         LINE#         46
  C:10DBH         LINE#         47
  C:10E2H         LINE#         48
  C:10E2H         LINE#         49
  C:10E2H         LINE#         50
  C:10E2H         LINE#         51
  C:10E5H         LINE#         52
  C:10ECH         LINE#         53
  C:10F0H         LINE#         56
  C:111CH         LINE#         57
  C:111CH         LINE#         58
  C:111CH         LINE#         59
  C:111FH         LINE#         60
  C:111FH         LINE#         61
  C:1122H         LINE#         62
  C:1122H         LINE#         63
  C:1128H         LINE#         64
  C:1128H         LINE#         65
  C:112EH         LINE#         66
  C:112EH         LINE#         67
  C:1134H         LINE#         68
  C:1134H         LINE#         69
  C:113AH         LINE#         70
  C:113AH         LINE#         71
  C:1140H         LINE#         72
  C:1140H         LINE#         73
  C:1147H         LINE#         74
  C:1147H         LINE#         75
  C:114EH         LINE#         76
  C:114EH         LINE#         77
  C:1155H         LINE#         78
  C:1155H         LINE#         79
  C:115CH         LINE#         80
  C:115CH         LINE#         81
  C:1163H         LINE#         82
  C:1163H         LINE#         83
  C:1163H         LINE#         84
  C:1163H         LINE#         85
  C:1163H         LINE#         86
  C:1163H         LINE#         87
BL51 BANKED LINKER/LOCATER V6.22.4.0                                                  05/08/2026  18:48:34  PAGE 29


  C:1163H         LINE#         88
  -------         ENDPROC       _AIP3368H_DISPLAY_ENGINE_SPEED_SCALE_BAR
  -------         PROC          _AIP3368H_DISPLAY_BAT_ERR_ICON
  D:0007H         SYMBOL        is_enable
  C:18CFH         LINE#         95
  C:18CFH         LINE#         96
  C:18CFH         LINE#         97
  C:18D5H         LINE#         98
  C:18D5H         LINE#         99
  C:18D5H         LINE#         100
  C:18D8H         LINE#         101
  C:18D9H         LINE#         103
  C:18D9H         LINE#         104
  C:18DDH         LINE#         105
  C:18E1H         LINE#         106
  C:18E1H         LINE#         107
  -------         ENDPROC       _AIP3368H_DISPLAY_BAT_ERR_ICON
  -------         PROC          _AIP3368H_DISPLAY_ERR_ICON
  D:0007H         SYMBOL        is_enable
  C:18A3H         LINE#         114
  C:18A3H         LINE#         115
  C:18A3H         LINE#         116
  C:18A9H         LINE#         117
  C:18A9H         LINE#         118
  C:18ADH         LINE#         119
  C:18B1H         LINE#         120
  C:18B2H         LINE#         122
  C:18B2H         LINE#         123
  C:18B6H         LINE#         124
  C:18BAH         LINE#         125
  C:18BAH         LINE#         126
  -------         ENDPROC       _AIP3368H_DISPLAY_ERR_ICON
  -------         PROC          AIP3368H_DISPLAY_TEST_ENGINE_SPEED_SCALE_BAR_1MS_ISR
  -------         DO            
  X:60E6H         SYMBOL        cnt
  X:60E8H         SYMBOL        level
  -------         ENDDO         
  C:1680H         LINE#         135
  C:1680H         LINE#         136
  C:1680H         LINE#         140
  C:168AH         LINE#         141
  C:1699H         LINE#         142
  C:1699H         LINE#         144
  C:1699H         LINE#         146
  C:1699H         LINE#         147
  C:169DH         LINE#         148
  C:169DH         LINE#         150
  C:16A1H         LINE#         151
  C:16A7H         LINE#         152
  C:16A7H         LINE#         153
  C:16A9H         LINE#         154
  C:16A9H         LINE#         156
  C:16B1H         LINE#         157
  -------         ENDPROC       AIP3368H_DISPLAY_TEST_ENGINE_SPEED_SCALE_BAR_1MS_ISR
  -------         PROC          AIP3368H_DISPLAY_TEST
  C:0726H         LINE#         159
  C:0726H         LINE#         160
BL51 BANKED LINKER/LOCATER V6.22.4.0                                                  05/08/2026  18:48:34  PAGE 30


  C:0726H         LINE#         161
  C:0729H         LINE#         162
  C:0729H         LINE#         163
  C:0729H         LINE#         164
  C:0729H         LINE#         165
  C:0729H         LINE#         166
  C:0729H         LINE#         167
  C:0729H         LINE#         168
  C:072CH         LINE#         169
  C:072FH         LINE#         170
  C:0732H         LINE#         171
  C:0738H         LINE#         172
  C:073EH         LINE#         173
  C:0744H         LINE#         174
  C:074AH         LINE#         175
  C:0750H         LINE#         176
  C:0753H         LINE#         178
  C:0756H         LINE#         179
  C:0756H         LINE#         180
  C:0756H         LINE#         181
  C:0756H         LINE#         182
  C:0756H         LINE#         183
  C:0756H         LINE#         184
  C:0756H         LINE#         185
  C:0759H         LINE#         186
  C:075FH         LINE#         187
  C:0764H         LINE#         188
  C:0769H         LINE#         189
  C:076EH         LINE#         190
  C:076EH         LINE#         191
  C:0773H         LINE#         192
  C:0778H         LINE#         193
  C:077EH         LINE#         195
  C:0781H         LINE#         196
  C:0781H         LINE#         197
  C:0781H         LINE#         198
  C:0781H         LINE#         199
  C:0781H         LINE#         200
  C:0781H         LINE#         201
  C:0781H         LINE#         202
  C:0784H         LINE#         203
  C:078AH         LINE#         204
  C:0790H         LINE#         205
  C:0793H         LINE#         206
  C:0796H         LINE#         207
  C:079CH         LINE#         208
  C:07A2H         LINE#         209
  C:07A8H         LINE#         210
  C:07AEH         LINE#         212
  C:07B1H         LINE#         213
  C:07B1H         LINE#         214
  C:07B1H         LINE#         215
  C:07B1H         LINE#         216
  C:07B1H         LINE#         217
  C:07B1H         LINE#         218
  C:07B1H         LINE#         219
  C:07B4H         LINE#         220
BL51 BANKED LINKER/LOCATER V6.22.4.0                                                  05/08/2026  18:48:34  PAGE 31


  C:07BAH         LINE#         221
  C:07C0H         LINE#         222
  C:07C6H         LINE#         223
  C:07CCH         LINE#         224
  C:07D2H         LINE#         225
  C:07D8H         LINE#         226
  C:07DEH         LINE#         227
  C:07E4H         LINE#         229
  C:07E7H         LINE#         230
  C:07E7H         LINE#         231
  C:07E7H         LINE#         232
  C:07E7H         LINE#         233
  C:07E7H         LINE#         234
  C:07E7H         LINE#         235
  C:07E7H         LINE#         236
  C:07EAH         LINE#         237
  C:07F0H         LINE#         238
  C:07F6H         LINE#         239
  C:07FCH         LINE#         240
  C:0802H         LINE#         241
  C:0808H         LINE#         242
  C:080EH         LINE#         243
  C:0814H         LINE#         244
  C:081AH         LINE#         246
  C:081DH         LINE#         247
  C:081DH         LINE#         248
  C:081DH         LINE#         249
  C:081DH         LINE#         250
  C:081DH         LINE#         251
  C:081DH         LINE#         252
  C:081DH         LINE#         253
  C:0820H         LINE#         254
  C:0826H         LINE#         255
  C:082CH         LINE#         256
  C:0832H         LINE#         257
  C:0838H         LINE#         258
  C:083EH         LINE#         259
  C:0844H         LINE#         260
  C:084AH         LINE#         261
  C:0850H         LINE#         263
  C:0853H         LINE#         264
  C:0853H         LINE#         265
  C:0853H         LINE#         266
  C:0853H         LINE#         267
  C:0853H         LINE#         268
  C:0853H         LINE#         269
  C:0853H         LINE#         270
  C:0856H         LINE#         271
  C:085CH         LINE#         272
  C:0862H         LINE#         273
  C:0868H         LINE#         274
  C:086EH         LINE#         275
  C:0874H         LINE#         276
  C:087AH         LINE#         277
  C:0880H         LINE#         278
  C:0886H         LINE#         280
  C:0889H         LINE#         281
BL51 BANKED LINKER/LOCATER V6.22.4.0                                                  05/08/2026  18:48:34  PAGE 32


  C:0889H         LINE#         282
  C:0889H         LINE#         283
  C:0889H         LINE#         284
  C:0889H         LINE#         285
  C:0889H         LINE#         286
  C:0889H         LINE#         287
  C:088CH         LINE#         288
  C:0892H         LINE#         289
  C:0898H         LINE#         290
  C:089EH         LINE#         291
  C:08A4H         LINE#         292
  C:08AAH         LINE#         293
  C:08B0H         LINE#         294
  C:08B6H         LINE#         295
  C:08BCH         LINE#         296
  -------         ENDPROC       AIP3368H_DISPLAY_TEST
  -------         ENDMOD        AIP3368H_DISPLAY

  -------         MODULE        ?C?CLDPTR
  C:0045H         PUBLIC        ?C?CLDPTR
  -------         ENDMOD        ?C?CLDPTR

  -------         MODULE        ?C?CSTPTR
  C:005EH         PUBLIC        ?C?CSTPTR
  -------         ENDMOD        ?C?CSTPTR

  -------         MODULE        ?C?IMUL
  C:0070H         PUBLIC        ?C?IMUL
  -------         ENDMOD        ?C?IMUL

  -------         MODULE        ?C?UIDIV
  C:0082H         PUBLIC        ?C?UIDIV
  -------         ENDMOD        ?C?UIDIV

  -------         MODULE        ?C?IILDX
  C:00D7H         PUBLIC        ?C?IILDX
  -------         ENDMOD        ?C?IILDX

  -------         MODULE        ?C?ILDOPTR
  C:00EDH         PUBLIC        ?C?ILDOPTR
  -------         ENDMOD        ?C?ILDOPTR

  -------         MODULE        ?C?LADD
  C:0125H         PUBLIC        ?C?LADD
  -------         ENDMOD        ?C?LADD

  -------         MODULE        ?C?LSUB
  C:0132H         PUBLIC        ?C?LSUB
  -------         ENDMOD        ?C?LSUB

  -------         MODULE        ?C?LMUL
  C:0140H         PUBLIC        ?C?LMUL
  -------         ENDMOD        ?C?LMUL

  -------         MODULE        ?C?ULDIV
  C:01CBH         PUBLIC        ?C?ULDIV
  -------         ENDMOD        ?C?ULDIV
BL51 BANKED LINKER/LOCATER V6.22.4.0                                                  05/08/2026  18:48:34  PAGE 33



  -------         MODULE        ?C?SLCMP
  C:025DH         PUBLIC        ?C?SLCMP
  -------         ENDMOD        ?C?SLCMP

  -------         MODULE        ?C?ULCMP
  C:0273H         PUBLIC        ?C?ULCMP
  -------         ENDMOD        ?C?ULCMP

  -------         MODULE        ?C?ULSHR
  C:0284H         PUBLIC        ?C?ULSHR
  -------         ENDMOD        ?C?ULSHR

  -------         MODULE        ?C?LLDXDATA
  C:0297H         PUBLIC        ?C?LLDXDATA
  -------         ENDMOD        ?C?LLDXDATA

  -------         MODULE        ?C?LLDXDATA0
  C:02A3H         PUBLIC        ?C?LLDXDATA0
  -------         ENDMOD        ?C?LLDXDATA0

  -------         MODULE        ?C?LSTXDATA
  C:02AFH         PUBLIC        ?C?LSTXDATA
  -------         ENDMOD        ?C?LSTXDATA

  -------         MODULE        ?C?LSTKXDATA
  C:02BBH         PUBLIC        ?C?LSTKXDATA
  -------         ENDMOD        ?C?LSTKXDATA

  -------         MODULE        ?C?PLDXDATA
  C:02ECH         PUBLIC        ?C?PLDXDATA
  -------         ENDMOD        ?C?PLDXDATA

  -------         MODULE        ?C?PLDIXDATA
  C:02F5H         PUBLIC        ?C?PLDIXDATA
  -------         ENDMOD        ?C?PLDIXDATA

  -------         MODULE        ?C?PSTXDATA
  C:030CH         PUBLIC        ?C?PSTXDATA
  -------         ENDMOD        ?C?PSTXDATA

  -------         MODULE        ?C?CCASE
  C:0315H         PUBLIC        ?C?CCASE
  -------         ENDMOD        ?C?CCASE

  -------         MODULE        ?C?LIMUL
  C:033BH         PUBLIC        ?C?LIMUL
  -------         ENDMOD        ?C?LIMUL

  -------         MODULE        PRINTF
  X:6030H         PUBLIC        ?_PRINTF517?BYTE
  X:6030H         PUBLIC        ?_PRINTF?BYTE
  X:6030H         PUBLIC        ?_SPRINTF517?BYTE
  X:6030H         PUBLIC        ?_SPRINTF?BYTE
  C:042CH         PUBLIC        _PRINTF
  C:042CH         PUBLIC        _PRINTF517
  C:0426H         PUBLIC        _SPRINTF
BL51 BANKED LINKER/LOCATER V6.22.4.0                                                  05/08/2026  18:48:34  PAGE 34


  C:0426H         PUBLIC        _SPRINTF517
  -------         ENDMOD        PRINTF

  -------         MODULE        ?C?MEMSET
  C:0368H         PUBLIC        ?C?MEMSET
  -------         ENDMOD        ?C?MEMSET

  -------         MODULE        ?C?CLDOPTR
  C:0394H         PUBLIC        ?C?CLDOPTR
  -------         ENDMOD        ?C?CLDOPTR

*** WARNING L16: UNCALLED SEGMENT, IGNORED FOR OVERLAY PROCESS
    SEGMENT: ?PR?TMR2_CONFIG?TMR2

*** WARNING L16: UNCALLED SEGMENT, IGNORED FOR OVERLAY PROCESS
    SEGMENT: ?PR?ADC_CHANNEL_SWITCH_BY_ISR?ADC

*** WARNING L16: UNCALLED SEGMENT, IGNORED FOR OVERLAY PROCESS
    SEGMENT: ?PR?AIP3368H_MODULE_CLEAR?AIP3368

*** WARNING L16: UNCALLED SEGMENT, IGNORED FOR OVERLAY PROCESS
    SEGMENT: ?PR?PIN_LEVEL_SCAN_CONFIG?PIN_LEVEL_SCAN

*** WARNING L16: UNCALLED SEGMENT, IGNORED FOR OVERLAY PROCESS
    SEGMENT: ?PR?PIN_LEVEL_SCAN?PIN_LEVEL_SCAN

*** WARNING L16: UNCALLED SEGMENT, IGNORED FOR OVERLAY PROCESS
    SEGMENT: ?PR?SPEED_SCAN?SPEED_SCAN

*** WARNING L16: UNCALLED SEGMENT, IGNORED FOR OVERLAY PROCESS
    SEGMENT: ?PR?ENGINE_SPEED_SCAN?ENGINE_SPEED_SCAN

*** WARNING L16: UNCALLED SEGMENT, IGNORED FOR OVERLAY PROCESS
    SEGMENT: ?PR?MILEAGE_SCAN?MILEAGE

*** WARNING L16: UNCALLED SEGMENT, IGNORED FOR OVERLAY PROCESS
    SEGMENT: ?PR?FUEL_CAPACITY_SCAN?FUEL_CAPACITY

*** WARNING L16: UNCALLED SEGMENT, IGNORED FOR OVERLAY PROCESS
    SEGMENT: ?PR?BATTERY_SCAN?BATTERY

*** WARNING L16: UNCALLED SEGMENT, IGNORED FOR OVERLAY PROCESS
    SEGMENT: ?PR?AIP3368H_DISPLAY_SPEED?AIP3368H_DISPLAY

*** WARNING L16: UNCALLED SEGMENT, IGNORED FOR OVERLAY PROCESS
    SEGMENT: ?PR?AIP3368H_DISPLAY_ENGINE_SPEED_BACK_LIGHT?AIP3368H_DISPLAY

*** WARNING L16: UNCALLED SEGMENT, IGNORED FOR OVERLAY PROCESS
    SEGMENT: ?PR?_AIP3368H_DISPLAY_EXCLAMATION_POINT?AIP3368H_DISPLAY

*** WARNING L16: UNCALLED SEGMENT, IGNORED FOR OVERLAY PROCESS
    SEGMENT: ?PR?_AIP3368H_DISPLAY_BAT_ERR_ICON?AIP3368H_DISPLAY

*** WARNING L16: UNCALLED SEGMENT, IGNORED FOR OVERLAY PROCESS
    SEGMENT: ?PR?AIP3368H_DISPLAY_TEST_ENGINE_SPEED_SCALE_BAR_1MS_ISR?AIP3368H_DISPLAY

*** WARNING L16: UNCALLED SEGMENT, IGNORED FOR OVERLAY PROCESS
BL51 BANKED LINKER/LOCATER V6.22.4.0                                                  05/08/2026  18:48:34  PAGE 35


    SEGMENT: ?PR?AIP3368H_DISPLAY_TEST?AIP3368H_DISPLAY

Program Size: data=16.0 xdata=237 code=6596
LINK/LOCATE RUN COMPLETE.  16 WARNING(S),  0 ERROR(S)
