C51 COMPILER V9.60.7.0   TMR1                                                              05/07/2026 18:25:46 PAGE 1   


C51 COMPILER V9.60.7.0, COMPILATION OF MODULE TMR1
OBJECT MODULE PLACED IN .\Release\Objects\tmr1.obj
COMPILER INVOKED BY: C:\Keil_v5\C51\BIN\C51.EXE ..\..\Hardware\tmr1.c LARGE OPTIMIZE(9,SIZE) BROWSE ORDER INTVECTOR(0X00
                    -0C) INCDIR(..\..\Libraries\Include;..\..\User;..\..\User\lib;..\..\Hardware) INTERVAL(3) DEBUG OBJECTEXTEND PRINT(.\Rele
                    -ase\Listings\tmr1.lst) OBJECT(.\Release\Objects\tmr1.obj)

line level    source

   1          #include "tmr1.h"
   2          
   3          // 定时器定时周期 (单位:Hz)
   4          // 周期值 = 系统时钟 / 定时器分频 / 频率 - 1
   5          #define TMR1_PERIOD (SYSCLK / 128 / 1000 - 1) // 1000Hz,1ms
   6          
   7          /**
   8           * @brief 配置定时器TMR1，配置完成后，定时器默认关闭
   9           */
  10          void tmr1_config(void)
  11          {
  12   1          __SetIRQnIP(TMR1_IRQn, TMR1_IQn_CFG); // 设置中断优先级（TMR1）
  13   1          __DisableIRQ(TMR1_IRQn);              // 禁用中断
  14   1          IE_EA = 1;                            // 打开总中断
  15   1      
  16   1          TMR_ALLCON = TMR1_CNT_CLR(0x1); // 清除计数值
  17   1      
  18   1          // USER_TO_DO 待优化
  19   1          TMR1_CONL &= ~TMR_PRESCALE_SEL(0x07); // 清除TMR1的预分频配置寄存器
  20   1          TMR1_CONL |= TMR_PRESCALE_SEL(0x07);  // 定时器预分频
  21   1          TMR1_CONL &= ~TMR_MODE_SEL(0x03);     // 清除TMR1的模式配置寄存器
  22   1          TMR1_CONL |= TMR_MODE_SEL(0x01);      // 配置TMR1的模式为计数器模式，最后对系统时钟
             -的脉冲进行计数
  23   1      
  24   1          TMR1_CONH &= ~TMR_PRD_PND(0x01); // 清除TMR1的计数标志位，表示未完成计数
  25   1          TMR1_CONH |= TMR_PRD_IRQ_EN(1);  // 使能TMR1的计数中断
  26   1      
  27   1          // 配置TMR1的计数周期
  28   1          TMR1_PRH = TMR_PERIOD_VAL_H((TMR1_PERIOD >> 8) & 0xFF); // 周期值
  29   1          TMR1_PRL = TMR_PERIOD_VAL_L((TMR1_PERIOD >> 0) & 0xFF);
  30   1      
  31   1          // TMR1_CONL &= ~(TMR_SOURCE_SEL(0x07)); // 清除TMR1的时钟源配置寄存器
  32   1          // TMR1_CONL |= TMR_SOURCE_SEL(0x05);    // 配置TMR1的时钟源，不用任何时钟
  33   1      
  34   1          // 重新给TMR1配置时钟
  35   1          TMR1_CONL &= ~(TMR_SOURCE_SEL(0x07)); // 清除定时器的时钟源配置寄存器
  36   1          TMR1_CONL |= TMR_SOURCE_SEL(0x06);    // 配置定时器的时钟源，使用系统时钟
  37   1      
  38   1          __EnableIRQ(TMR1_IRQn); // 使能中断
  39   1          // IE_EA = 1;              // 打开总中断
  40   1      }
  41          
  42          // TMR1中断服务函数
  43          void TIMR1_IRQHandler(void) interrupt TMR1_IRQn
  44          {
  45   1          // 进入中断设置IP，不可删除
  46   1          __IRQnIPnPush(TMR1_IRQn);
  47   1      
  48   1          // ---------------- 用户函数处理 -------------------
  49   1      
  50   1          // 周期中断
  51   1          if (TMR1_CONH & TMR_PRD_PND(0x1))
  52   1          {
C51 COMPILER V9.60.7.0   TMR1                                                              05/07/2026 18:25:46 PAGE 2   

  53   2              TMR1_CONH |= TMR_PRD_PND(0x1); // 清除pending
  54   2      
  55   2      #if AD_KEY_ENABLE
                      // 在定时器注册按键扫描：
                      // if (ad_key_para.cur_scan_times < 255)
                      {
                          ad_key_para.cur_scan_times++;
                      }
              #endif // AD_KEY_ENABLE
  62   2      
  63   2      #if TOUCH_KEY_ENABLE
                      // if (touch_key_para.cur_scan_times < 255)
                      {
                          touch_key_para.cur_scan_times++;
                      }
              #endif // TOUCH_KEY_ENABLE
  69   2      
  70   2      #if PIN_LEVEL_SCAN_ENABLE
  71   2              // if (pin_level_scan_time_cnt < 65535) // 防止计数溢出
  72   2              {
  73   3                  pin_level_scan_time_cnt++;
  74   3              }
  75   2      #endif
  76   2      
  77   2              // if (mileage_save_time_cnt < 4294967295 - diff_ms_cnt) // 防止计数溢出
  78   2              if (mileage_save_time_cnt < 65535)
  79   2              {
  80   3                  mileage_save_time_cnt++;
  81   3                  // mileage_save_time_cnt += diff_ms_cnt;
  82   3              }
  83   2      
  84   2      #if FUEL_CAPACITY_SCAN_ENABLE
  85   2              // if (fuel_capacity_scan_cnt < 4294967295 - diff_ms_cnt) // 防止计数溢出
  86   2              {
  87   3                  fuel_capacity_scan_cnt++;
  88   3                  // fuel_capacity_scan_cnt += diff_ms_cnt;
  89   3              }
  90   2      #endif
  91   2      
  92   2              // if (mileage_update_time_cnt < 65535)
  93   2              {
  94   3                  mileage_update_time_cnt++;
  95   3              }
  96   2      
  97   2      #if BATTERY_SCAN_ENABLE
  98   2              // if (battery_scan_time_cnt < 4294967295)
  99   2              {
 100   3                  battery_scan_time_cnt++;
 101   3              }
 102   2      #endif // BATTERY_SCAN_ENABLE
 103   2      
 104   2              aip3368h_refresh_time_add();
 105   2          }
 106   1      
 107   1          // P20 = 0;// 测试中断持续时间
 108   1          // 退出中断设置IP，不可删除
 109   1          __IRQnIPnPop(TMR1_IRQn);
 110   1      }


MODULE INFORMATION:   STATIC OVERLAYABLE
   CODE SIZE        =    212    ----
C51 COMPILER V9.60.7.0   TMR1                                                              05/07/2026 18:25:46 PAGE 3   

   CONSTANT SIZE    =   ----    ----
   XDATA SIZE       =   ----    ----
   PDATA SIZE       =   ----    ----
   DATA SIZE        =   ----    ----
   IDATA SIZE       =   ----    ----
   BIT SIZE         =   ----    ----
END OF MODULE INFORMATION.


C51 COMPILATION COMPLETE.  0 WARNING(S),  0 ERROR(S)
